Archive member included to satisfy reference by file (symbol)

d:/stm32cube/gnu-tools-arm-embedded/bin/../lib/gcc/arm-none-eabi/10.3.1/thumb/v6-m/nofp\libgcc.a(_udivsi3.o)
                              CMakeFiles/C031_FOC.elf.dir/Drivers/STM32C0xx_HAL_Driver/Src/stm32c0xx_hal.c.obj (__aeabi_uidiv)
d:/stm32cube/gnu-tools-arm-embedded/bin/../lib/gcc/arm-none-eabi/10.3.1/thumb/v6-m/nofp\libgcc.a(_divsi3.o)
                              CMakeFiles/C031_FOC.elf.dir/Drivers/STM32C0xx_HAL_Driver/Src/stm32c0xx_hal_uart_ex.c.obj (__aeabi_idiv)
d:/stm32cube/gnu-tools-arm-embedded/bin/../lib/gcc/arm-none-eabi/10.3.1/thumb/v6-m/nofp\libgcc.a(_dvmd_tls.o)
                              d:/stm32cube/gnu-tools-arm-embedded/bin/../lib/gcc/arm-none-eabi/10.3.1/thumb/v6-m/nofp\libgcc.a(_udivsi3.o) (__aeabi_idiv0)
d:/stm32cube/gnu-tools-arm-embedded/bin/../lib/gcc/arm-none-eabi/10.3.1/thumb/v6-m/nofp\libgcc.a(_arm_cmpdf2.o)
                              CMakeFiles/C031_FOC.elf.dir/Core/Src/main.c.obj (__aeabi_dcmpge)
d:/stm32cube/gnu-tools-arm-embedded/bin/../lib/gcc/arm-none-eabi/10.3.1/thumb/v6-m/nofp\libgcc.a(_arm_cmpsf2.o)
                              CMakeFiles/C031_FOC.elf.dir/User/foc.c.obj (__aeabi_fcmplt)
d:/stm32cube/gnu-tools-arm-embedded/bin/../lib/gcc/arm-none-eabi/10.3.1/thumb/v6-m/nofp\libgcc.a(_fixunssfsi.o)
                              CMakeFiles/C031_FOC.elf.dir/Core/Src/main.c.obj (__aeabi_f2uiz)
d:/stm32cube/gnu-tools-arm-embedded/bin/../lib/gcc/arm-none-eabi/10.3.1/thumb/v6-m/nofp\libgcc.a(addsf3.o)
                              CMakeFiles/C031_FOC.elf.dir/User/foc.c.obj (__aeabi_fadd)
d:/stm32cube/gnu-tools-arm-embedded/bin/../lib/gcc/arm-none-eabi/10.3.1/thumb/v6-m/nofp\libgcc.a(divsf3.o)
                              CMakeFiles/C031_FOC.elf.dir/User/foc.c.obj (__aeabi_fdiv)
d:/stm32cube/gnu-tools-arm-embedded/bin/../lib/gcc/arm-none-eabi/10.3.1/thumb/v6-m/nofp\libgcc.a(eqsf2.o)
                              d:/stm32cube/gnu-tools-arm-embedded/bin/../lib/gcc/arm-none-eabi/10.3.1/thumb/v6-m/nofp\libgcc.a(_arm_cmpsf2.o) (__eqsf2)
d:/stm32cube/gnu-tools-arm-embedded/bin/../lib/gcc/arm-none-eabi/10.3.1/thumb/v6-m/nofp\libgcc.a(gesf2.o)
                              d:/stm32cube/gnu-tools-arm-embedded/bin/../lib/gcc/arm-none-eabi/10.3.1/thumb/v6-m/nofp\libgcc.a(_arm_cmpsf2.o) (__gesf2)
d:/stm32cube/gnu-tools-arm-embedded/bin/../lib/gcc/arm-none-eabi/10.3.1/thumb/v6-m/nofp\libgcc.a(lesf2.o)
                              d:/stm32cube/gnu-tools-arm-embedded/bin/../lib/gcc/arm-none-eabi/10.3.1/thumb/v6-m/nofp\libgcc.a(_arm_cmpsf2.o) (__lesf2)
d:/stm32cube/gnu-tools-arm-embedded/bin/../lib/gcc/arm-none-eabi/10.3.1/thumb/v6-m/nofp\libgcc.a(mulsf3.o)
                              CMakeFiles/C031_FOC.elf.dir/User/foc.c.obj (__aeabi_fmul)
d:/stm32cube/gnu-tools-arm-embedded/bin/../lib/gcc/arm-none-eabi/10.3.1/thumb/v6-m/nofp\libgcc.a(subsf3.o)
                              CMakeFiles/C031_FOC.elf.dir/User/foc.c.obj (__aeabi_fsub)
d:/stm32cube/gnu-tools-arm-embedded/bin/../lib/gcc/arm-none-eabi/10.3.1/thumb/v6-m/nofp\libgcc.a(fixsfsi.o)
                              d:/stm32cube/gnu-tools-arm-embedded/bin/../lib/gcc/arm-none-eabi/10.3.1/thumb/v6-m/nofp\libgcc.a(_fixunssfsi.o) (__aeabi_f2iz)
d:/stm32cube/gnu-tools-arm-embedded/bin/../lib/gcc/arm-none-eabi/10.3.1/thumb/v6-m/nofp\libgcc.a(floatsisf.o)
                              CMakeFiles/C031_FOC.elf.dir/User/foc.c.obj (__aeabi_i2f)
d:/stm32cube/gnu-tools-arm-embedded/bin/../lib/gcc/arm-none-eabi/10.3.1/thumb/v6-m/nofp\libgcc.a(adddf3.o)
                              CMakeFiles/C031_FOC.elf.dir/Core/Src/main.c.obj (__aeabi_dadd)
d:/stm32cube/gnu-tools-arm-embedded/bin/../lib/gcc/arm-none-eabi/10.3.1/thumb/v6-m/nofp\libgcc.a(eqdf2.o)
                              d:/stm32cube/gnu-tools-arm-embedded/bin/../lib/gcc/arm-none-eabi/10.3.1/thumb/v6-m/nofp\libgcc.a(_arm_cmpdf2.o) (__eqdf2)
d:/stm32cube/gnu-tools-arm-embedded/bin/../lib/gcc/arm-none-eabi/10.3.1/thumb/v6-m/nofp\libgcc.a(gedf2.o)
                              d:/stm32cube/gnu-tools-arm-embedded/bin/../lib/gcc/arm-none-eabi/10.3.1/thumb/v6-m/nofp\libgcc.a(_arm_cmpdf2.o) (__gedf2)
d:/stm32cube/gnu-tools-arm-embedded/bin/../lib/gcc/arm-none-eabi/10.3.1/thumb/v6-m/nofp\libgcc.a(ledf2.o)
                              d:/stm32cube/gnu-tools-arm-embedded/bin/../lib/gcc/arm-none-eabi/10.3.1/thumb/v6-m/nofp\libgcc.a(_arm_cmpdf2.o) (__ledf2)
d:/stm32cube/gnu-tools-arm-embedded/bin/../lib/gcc/arm-none-eabi/10.3.1/thumb/v6-m/nofp\libgcc.a(subdf3.o)
                              CMakeFiles/C031_FOC.elf.dir/Core/Src/main.c.obj (__aeabi_dsub)
d:/stm32cube/gnu-tools-arm-embedded/bin/../lib/gcc/arm-none-eabi/10.3.1/thumb/v6-m/nofp\libgcc.a(extendsfdf2.o)
                              CMakeFiles/C031_FOC.elf.dir/Core/Src/main.c.obj (__aeabi_f2d)
d:/stm32cube/gnu-tools-arm-embedded/bin/../lib/gcc/arm-none-eabi/10.3.1/thumb/v6-m/nofp\libgcc.a(truncdfsf2.o)
[...]
Memory Configuration

Name             Origin             Length             Attributes
RAM              0x20000000         0x00003000         xrw
FLASH            0x08000000         0x00008000         xr
*default*        0x00000000         0xffffffff

Linker script and memory map

LOAD d:/stm32cube/gnu-tools-arm-embedded/bin/../lib/gcc/arm-none-eabi/10.3.1/thumb/v6-m/nofp/crti.o
LOAD d:/stm32cube/gnu-tools-arm-embedded/bin/../lib/gcc/arm-none-eabi/10.3.1/thumb/v6-m/nofp/crtbegin.o
LOAD d:/stm32cube/gnu-tools-arm-embedded/bin/../lib/gcc/arm-none-eabi/10.3.1/../../../../arm-none-eabi/lib/thumb/v6-m/nofp/crt0.o
LOAD CMakeFiles/C031_FOC.elf.dir/Core/Src/adc.c.obj
LOAD CMakeFiles/C031_FOC.elf.dir/Core/Src/dma.c.obj
LOAD CMakeFiles/C031_FOC.elf.dir/Core/Src/gpio.c.obj
LOAD CMakeFiles/C031_FOC.elf.dir/Core/Src/i2c.c.obj
LOAD CMakeFiles/C031_FOC.elf.dir/Core/Src/main.c.obj
LOAD CMakeFiles/C031_FOC.elf.dir/Core/Src/stm32c0xx_hal_msp.c.obj
LOAD CMakeFiles/C031_FOC.elf.dir/Core/Src/stm32c0xx_it.c.obj
LOAD CMakeFiles/C031_FOC.elf.dir/Core/Src/syscalls.c.obj
LOAD CMakeFiles/C031_FOC.elf.dir/Core/Src/sysmem.c.obj
LOAD CMakeFiles/C031_FOC.elf.dir/Core/Src/system_stm32c0xx.c.obj
LOAD CMakeFiles/C031_FOC.elf.dir/Core/Src/tim.c.obj
LOAD CMakeFiles/C031_FOC.elf.dir/Core/Src/usart.c.obj
LOAD CMakeFiles/C031_FOC.elf.dir/Core/Startup/startup_stm32c031c6tx.s.obj
LOAD CMakeFiles/C031_FOC.elf.dir/Drivers/STM32C0xx_HAL_Driver/Src/stm32c0xx_hal.c.obj
LOAD CMakeFiles/C031_FOC.elf.dir/Drivers/STM32C0xx_HAL_Driver/Src/stm32c0xx_hal_adc.c.obj
LOAD CMakeFiles/C031_FOC.elf.dir/Drivers/STM32C0xx_HAL_Driver/Src/stm32c0xx_hal_adc_ex.c.obj
LOAD CMakeFiles/C031_FOC.elf.dir/Drivers/STM32C0xx_HAL_Driver/Src/stm32c0xx_hal_cortex.c.obj
LOAD CMakeFiles/C031_FOC.elf.dir/Drivers/STM32C0xx_HAL_Driver/Src/stm32c0xx_hal_dma.c.obj
LOAD CMakeFiles/C031_FOC.elf.dir/Drivers/STM32C0xx_HAL_Driver/Src/stm32c0xx_hal_dma_ex.c.obj
LOAD CMakeFiles/C031_FOC.elf.dir/Drivers/STM32C0xx_HAL_Driver/Src/stm32c0xx_hal_exti.c.obj
LOAD CMakeFiles/C031_FOC.elf.dir/Drivers/STM32C0xx_HAL_Driver/Src/stm32c0xx_hal_flash.c.obj
LOAD CMakeFiles/C031_FOC.elf.dir/Drivers/STM32C0xx_HAL_Driver/Src/stm32c0xx_hal_flash_ex.c.obj
LOAD CMakeFiles/C031_FOC.elf.dir/Drivers/STM32C0xx_HAL_Driver/Src/stm32c0xx_hal_gpio.c.obj
LOAD CMakeFiles/C031_FOC.elf.dir/Drivers/STM32C0xx_HAL_Driver/Src/stm32c0xx_hal_i2c.c.obj
LOAD CMakeFiles/C031_FOC.elf.dir/Drivers/STM32C0xx_HAL_Driver/Src/stm32c0xx_hal_i2c_ex.c.obj
LOAD CMakeFiles/C031_FOC.elf.dir/Drivers/STM32C0xx_HAL_Driver/Src/stm32c0xx_hal_pwr.c.obj
LOAD CMakeFiles/C031_FOC.elf.dir/Drivers/STM32C0xx_HAL_Driver/Src/stm32c0xx_hal_pwr_ex.c.obj
LOAD CMakeFiles/C031_FOC.elf.dir/Drivers/STM32C0xx_HAL_Driver/Src/stm32c0xx_hal_rcc.c.obj
LOAD CMakeFiles/C031_FOC.elf.dir/Drivers/STM32C0xx_HAL_Driver/Src/stm32c0xx_hal_rcc_ex.c.obj
LOAD CMakeFiles/C031_FOC.elf.dir/Drivers/STM32C0xx_HAL_Driver/Src/stm32c0xx_hal_tim.c.obj
LOAD CMakeFiles/C031_FOC.elf.dir/Drivers/STM32C0xx_HAL_Driver/Src/stm32c0xx_hal_tim_ex.c.obj
LOAD CMakeFiles/C031_FOC.elf.dir/Drivers/STM32C0xx_HAL_Driver/Src/stm32c0xx_hal_uart.c.obj
LOAD CMakeFiles/C031_FOC.elf.dir/Drivers/STM32C0xx_HAL_Driver/Src/stm32c0xx_hal_uart_ex.c.obj
LOAD CMakeFiles/C031_FOC.elf.dir/User/foc.c.obj
LOAD CMakeFiles/C031_FOC.elf.dir/User/retarget.c.obj
START GROUP
LOAD d:/stm32cube/gnu-tools-arm-embedded/bin/../lib/gcc/arm-none-eabi/10.3.1/thumb/v6-m/nofp\libgcc.a
LOAD d:/stm32cube/gnu-tools-arm-embedded/bin/../lib/gcc/arm-none-eabi/10.3.1/../../../../arm-none-eabi/lib/thumb/v6-m/nofp\libg.a
LOAD d:/stm32cube/gnu-tools-arm-embedded/bin/../lib/gcc/arm-none-eabi/10.3.1/../../../../arm-none-eabi/lib/thumb/v6-m/nofp\libc.a
END GROUP
LOAD d:/stm32cube/gnu-tools-arm-embedded/bin/../lib/gcc/arm-none-eabi/10.3.1/thumb/v6-m/nofp/crtend.o
LOAD d:/stm32cube/gnu-tools-arm-embedded/bin/../lib/gcc/arm-none-eabi/10.3.1/thumb/v6-m/nofp/crtn.o
                0x20003000                _estack = (ORIGIN (RAM) + LENGTH (RAM))
                0x00000200                _Min_Heap_Size = 0x200
                0x00000400                _Min_Stack_Size = 0x400

.isr_vector     0x08000000       0xc0
                0x08000000                . = ALIGN (0x4)
 *(.isr_vector)
 .isr_vector    0x08000000       0xc0 CMakeFiles/C031_FOC.elf.dir/Core/Startup/startup_stm32c031c6tx.s.obj
                0x08000000                g_pfnVectors
                0x080000c0                . = ALIGN (0x4)

.text           0x080000c0     0x66fc
                0x080000c0                . = ALIGN (0x4)
 *(.text)
 .text          0x080000c0       0x48 d:/stm32cube/gnu-tools-arm-embedded/bin/../lib/gcc/arm-none-eabi/10.3.1/thumb/v6-m/nofp/crtbegin.o
 .text          0x08000108      0x114 d:/stm32cube/gnu-tools-arm-embedded/bin/../lib/gcc/arm-none-eabi/10.3.1/thumb/v6-m/nofp\libgcc.a(_udivsi3.o)
                0x08000108                __aeabi_uidiv
                0x08000108                __udivsi3
                0x08000214                __aeabi_uidivmod
 .text          0x0800021c      0x1d4 d:/stm32cube/gnu-tools-arm-embedded/bin/../lib/gcc/arm-none-eabi/10.3.1/thumb/v6-m/nofp\libgcc.a(_divsi3.o)
                0x0800021c                __divsi3
                0x0800021c                __aeabi_idiv
                0x080003e8                __aeabi_idivmod
 .text          0x080003f0        0x4 d:/stm32cube/gnu-tools-arm-embedded/bin/../lib/gcc/arm-none-eabi/10.3.1/thumb/v6-m/nofp\libgcc.a(_dvmd_tls.o)
                0x080003f0                __aeabi_idiv0
                0x080003f0                __aeabi_ldiv0
 .text          0x080003f4       0x7c d:/stm32cube/gnu-tools-arm-embedded/bin/../lib/gcc/arm-none-eabi/10.3.1/thumb/v6-m/nofp\libgcc.a(_arm_cmpdf2.o)
                0x080003f4                __aeabi_cdrcmple
                0x08000404                __aeabi_cdcmple
                0x08000404                __aeabi_cdcmpeq
                0x08000414                __aeabi_dcmpeq
                0x08000420                __aeabi_dcmplt
                0x08000434                __aeabi_dcmple
                0x08000448                __aeabi_dcmpgt
                0x0800045c                __aeabi_dcmpge
 .text          0x08000470       0x74 d:/stm32cube/gnu-tools-arm-embedded/bin/../lib/gcc/arm-none-eabi/10.3.1/thumb/v6-m/nofp\libgcc.a(_arm_cmpsf2.o)
                0x08000470                __aeabi_cfrcmple
                0x08000478                __aeabi_cfcmpeq
                0x08000478                __aeabi_cfcmple
                0x08000488                __aeabi_fcmpeq
                0x08000494                __aeabi_fcmplt
                0x080004a8                __aeabi_fcmple
                0x080004bc                __aeabi_fcmpgt
                0x080004d0                __aeabi_fcmpge
 .text          0x080004e4       0x30 d:/stm32cube/gnu-tools-arm-embedded/bin/../lib/gcc/arm-none-eabi/10.3.1/thumb/v6-m/nofp\libgcc.a(_fixunssfsi.o)
                0x080004e4                __fixunssfsi
                0x080004e4                __aeabi_f2uiz
 .text          0x08000514      0x33c d:/stm32cube/gnu-tools-arm-embedded/bin/../lib/gcc/arm-none-eabi/10.3.1/thumb/v6-m/nofp\libgcc.a(addsf3.o)
                0x08000514                __aeabi_fadd
 .text          0x08000850      0x230 d:/stm32cube/gnu-tools-arm-embedded/bin/../lib/gcc/arm-none-eabi/10.3.1/thumb/v6-m/nofp\libgcc.a(divsf3.o)
                0x08000850                __aeabi_fdiv
 .text          0x08000a80       0x4c d:/stm32cube/gnu-tools-arm-embedded/bin/../lib/gcc/arm-none-eabi/10.3.1/thumb/v6-m/nofp\libgcc.a(eqsf2.o)
                0x08000a80                __eqsf2
                0x08000a80                __nesf2
 .text          0x08000acc       0x8c d:/stm32cube/gnu-tools-arm-embedded/bin/../lib/gcc/arm-none-eabi/10.3.1/thumb/v6-m/nofp\libgcc.a(gesf2.o)
                0x08000acc                __gesf2
                0x08000acc                __gtsf2
 .text          0x08000b58       0x88 d:/stm32cube/gnu-tools-arm-embedded/bin/../lib/gcc/arm-none-eabi/10.3.1/thumb/v6-m/nofp\libgcc.a(lesf2.o)
                0x08000b58                __ltsf2
                0x08000b58                __lesf2
 .text          0x08000be0      0x24c d:/stm32cube/gnu-tools-arm-embedded/bin/../lib/gcc/arm-none-eabi/10.3.1/thumb/v6-m/nofp\libgcc.a(mulsf3.o)
                0x08000be0                __aeabi_fmul
 .text          0x08000e2c      0x35c d:/stm32cube/gnu-tools-arm-embedded/bin/../lib/gcc/arm-none-eabi/10.3.1/thumb/v6-m/nofp\libgcc.a(subsf3.o)
                0x08000e2c                __aeabi_fsub
 .text          0x08001188       0x40 d:/stm32cube/gnu-tools-arm-embedded/bin/../lib/gcc/arm-none-eabi/10.3.1/thumb/v6-m/nofp\libgcc.a(fixsfsi.o)
                0x08001188                __aeabi_f2iz
 .text          0x080011c8       0x9c d:/stm32cube/gnu-tools-arm-embedded/bin/../lib/gcc/arm-none-eabi/10.3.1/thumb/v6-m/nofp\libgcc.a(floatsisf.o)
                0x080011c8                __aeabi_i2f
 .text          0x08001264      0x678 d:/stm32cube/gnu-tools-arm-embedded/bin/../lib/gcc/arm-none-eabi/10.3.1/thumb/v6-m/nofp\libgcc.a(adddf3.o)
                0x08001264                __aeabi_dadd
 .text          0x080018dc       0x84 d:/stm32cube/gnu-tools-arm-embedded/bin/../lib/gcc/arm-none-eabi/10.3.1/thumb/v6-m/nofp\libgcc.a(eqdf2.o)
                0x080018dc                __nedf2
                0x080018dc                __eqdf2
 .text          0x08001960       0xcc d:/stm32cube/gnu-tools-arm-embedded/bin/../lib/gcc/arm-none-eabi/10.3.1/thumb/v6-m/nofp\libgcc.a(gedf2.o)
                0x08001960                __gedf2
                0x08001960                __gtdf2
 .text          0x08001a2c       0xc8 d:/stm32cube/gnu-tools-arm-embedded/bin/../lib/gcc/arm-none-eabi/10.3.1/thumb/v6-m/nofp\libgcc.a(ledf2.o)
                0x08001a2c                __ledf2
                0x08001a2c                __ltdf2
 .text          0x08001af4      0x724 d:/stm32cube/gnu-tools-arm-embedded/bin/../lib/gcc/arm-none-eabi/10.3.1/thumb/v6-m/nofp\libgcc.a(subdf3.o)
                0x08001af4                __aeabi_dsub
 .text          0x08002218       0x90 d:/stm32cube/gnu-tools-arm-embedded/bin/../lib/gcc/arm-none-eabi/10.3.1/thumb/v6-m/nofp\libgcc.a(extendsfdf2.o)
                0x08002218                __aeabi_f2d
 .text          0x080022a8      0x110 d:/stm32cube/gnu-tools-arm-embedded/bin/../lib/gcc/arm-none-eabi/10.3.1/thumb/v6-m/nofp\libgcc.a(truncdfsf2.o)
                0x080022a8                __aeabi_d2f
 .text          0x080023b8       0x3c d:/stm32cube/gnu-tools-arm-embedded/bin/../lib/gcc/arm-none-eabi/10.3.1/thumb/v6-m/nofp\libgcc.a(_clzsi2.o)
                0x080023b8                __clzsi2
 *(.text*)
 .text.MX_ADC1_Init
                0x080023f4       0xa8 CMakeFiles/C031_FOC.elf.dir/Core/Src/adc.c.obj
                0x080023f4                MX_ADC1_Init
 .text.HAL_ADC_MspInit
                0x0800249c       0xbc CMakeFiles/C031_FOC.elf.dir/Core/Src/adc.c.obj
                0x0800249c                HAL_ADC_MspInit
 .text.MX_DMA_Init
                0x08002558       0x30 CMakeFiles/C031_FOC.elf.dir/Core/Src/dma.c.obj
                0x08002558                MX_DMA_Init
 .text.MX_GPIO_Init
                0x08002588       0xa8 CMakeFiles/C031_FOC.elf.dir/Core/Src/gpio.c.obj
                0x08002588                MX_GPIO_Init
 .text.MX_I2C1_Init
                0x08002630       0x60 CMakeFiles/C031_FOC.elf.dir/Core/Src/i2c.c.obj
                0x08002630                MX_I2C1_Init
 .text.HAL_I2C_MspInit
                0x08002690       0x88 CMakeFiles/C031_FOC.elf.dir/Core/Src/i2c.c.obj
                0x08002690                HAL_I2C_MspInit
 .text.dmaAdcCallback
                0x08002718       0x88 CMakeFiles/C031_FOC.elf.dir/Core/Src/main.c.obj
                0x08002718                dmaAdcCallback
 .text.Error_Handler
                0x080027a0        0x4 CMakeFiles/C031_FOC.elf.dir/Core/Src/main.c.obj
                0x080027a0                Error_Handler
 .text.SystemClock_Config
                0x080027a4       0x54 CMakeFiles/C031_FOC.elf.dir/Core/Src/main.c.obj
                0x080027a4                SystemClock_Config
 .text.main     0x080027f8       0xac CMakeFiles/C031_FOC.elf.dir/Core/Src/main.c.obj
                0x080027f8                main
 .text.HAL_MspInit
                0x080028a4       0x30 CMakeFiles/C031_FOC.elf.dir/Core/Src/stm32c0xx_hal_msp.c.obj
                0x080028a4                HAL_MspInit
 .text.NMI_Handler
                0x080028d4        0x2 CMakeFiles/C031_FOC.elf.dir/Core/Src/stm32c0xx_it.c.obj
                0x080028d4                NMI_Handler
 .text.HardFault_Handler
                0x080028d6        0x2 CMakeFiles/C031_FOC.elf.dir/Core/Src/stm32c0xx_it.c.obj
                0x080028d6                HardFault_Handler
 .text.SVC_Handler
                0x080028d8        0x2 CMakeFiles/C031_FOC.elf.dir/Core/Src/stm32c0xx_it.c.obj
                0x080028d8                SVC_Handler
 .text.PendSV_Handler
                0x080028da        0x2 CMakeFiles/C031_FOC.elf.dir/Core/Src/stm32c0xx_it.c.obj
                0x080028da                PendSV_Handler
 .text.SysTick_Handler
                0x080028dc        0x8 CMakeFiles/C031_FOC.elf.dir/Core/Src/stm32c0xx_it.c.obj
                0x080028dc                SysTick_Handler
 .text.EXTI4_15_IRQHandler
                0x080028e4        0xc CMakeFiles/C031_FOC.elf.dir/Core/Src/stm32c0xx_it.c.obj
                0x080028e4                EXTI4_15_IRQHandler
 .text.DMA1_Channel1_IRQHandler
                0x080028f0       0x10 CMakeFiles/C031_FOC.elf.dir/Core/Src/stm32c0xx_it.c.obj
                0x080028f0                DMA1_Channel1_IRQHandler
 .text.TIM1_BRK_UP_TRG_COM_IRQHandler
                0x08002900       0x10 CMakeFiles/C031_FOC.elf.dir/Core/Src/stm32c0xx_it.c.obj
                0x08002900                TIM1_BRK_UP_TRG_COM_IRQHandler
 .text.SystemInit
                0x08002910       0x10 CMakeFiles/C031_FOC.elf.dir/Core/Src/system_stm32c0xx.c.obj
                0x08002910                SystemInit
 .text.HAL_TIM_Base_MspInit
                0x08002920       0x40 CMakeFiles/C031_FOC.elf.dir/Core/Src/tim.c.obj
                0x08002920                HAL_TIM_Base_MspInit
 .text.HAL_TIM_MspPostInit
                0x08002960       0x78 CMakeFiles/C031_FOC.elf.dir/Core/Src/tim.c.obj
                0x08002960                HAL_TIM_MspPostInit
 .text.MX_TIM1_Init
                0x080029d8      0x154 CMakeFiles/C031_FOC.elf.dir/Core/Src/tim.c.obj
                0x080029d8                MX_TIM1_Init
 .text.MX_USART1_UART_Init
                0x08002b2c       0x70 CMakeFiles/C031_FOC.elf.dir/Core/Src/usart.c.obj
                0x08002b2c                MX_USART1_UART_Init
 .text.HAL_UART_MspInit
                0x08002b9c       0x84 CMakeFiles/C031_FOC.elf.dir/Core/Src/usart.c.obj
                0x08002b9c                HAL_UART_MspInit
 .text.Reset_Handler
                0x08002c20       0x50 CMakeFiles/C031_FOC.elf.dir/Core/Startup/startup_stm32c031c6tx.s.obj
                0x08002c20                Reset_Handler
 .text.Default_Handler
                0x08002c70        0x2 CMakeFiles/C031_FOC.elf.dir/Core/Startup/startup_stm32c031c6tx.s.obj
                0x08002c70                TIM1_CC_IRQHandler
                0x08002c70                I2C1_IRQHandler
                0x08002c70                DMAMUX1_IRQHandler
                0x08002c70                SPI1_IRQHandler
                0x08002c70                EXTI2_3_IRQHandler
                0x08002c70                ADC1_IRQHandler
                0x08002c70                TIM17_IRQHandler
                0x08002c70                RTC_IRQHandler
                0x08002c70                TIM16_IRQHandler
                0x08002c70                TIM3_IRQHandler
                0x08002c70                RCC_IRQHandler
                0x08002c70                Default_Handler
                0x08002c70                TIM14_IRQHandler
                0x08002c70                EXTI0_1_IRQHandler
                0x08002c70                WWDG_IRQHandler
                0x08002c70                DMA1_Channel2_3_IRQHandler
                0x08002c70                USART2_IRQHandler
                0x08002c70                FLASH_IRQHandler
                0x08002c70                USART1_IRQHandler
 *fill*         0x08002c72        0x2 
 .text.HAL_InitTick
                0x08002c74       0x58 CMakeFiles/C031_FOC.elf.dir/Drivers/STM32C0xx_HAL_Driver/Src/stm32c0xx_hal.c.obj
                0x08002c74                HAL_InitTick
 .text.HAL_Init
                0x08002ccc       0x18 CMakeFiles/C031_FOC.elf.dir/Drivers/STM32C0xx_HAL_Driver/Src/stm32c0xx_hal.c.obj
                0x08002ccc                HAL_Init
 .text.HAL_IncTick
                0x08002ce4       0x18 CMakeFiles/C031_FOC.elf.dir/Drivers/STM32C0xx_HAL_Driver/Src/stm32c0xx_hal.c.obj
                0x08002ce4                HAL_IncTick
 .text.HAL_GetTick
                0x08002cfc        0xc CMakeFiles/C031_FOC.elf.dir/Drivers/STM32C0xx_HAL_Driver/Src/stm32c0xx_hal.c.obj
                0x08002cfc                HAL_GetTick
 .text.HAL_ADC_Init
                0x08002d08      0x268 CMakeFiles/C031_FOC.elf.dir/Drivers/STM32C0xx_HAL_Driver/Src/stm32c0xx_hal_adc.c.obj
                0x08002d08                HAL_ADC_Init
 .text.HAL_ADC_ConvCpltCallback
                0x08002f70        0x2 CMakeFiles/C031_FOC.elf.dir/Drivers/STM32C0xx_HAL_Driver/Src/stm32c0xx_hal_adc.c.obj
                0x08002f70                HAL_ADC_ConvCpltCallback
 .text.HAL_ADC_ConvHalfCpltCallback
                0x08002f72        0x2 CMakeFiles/C031_FOC.elf.dir/Drivers/STM32C0xx_HAL_Driver/Src/stm32c0xx_hal_adc.c.obj
                0x08002f72                HAL_ADC_ConvHalfCpltCallback
 .text.ADC_DMAHalfConvCplt
                0x08002f74        0xa CMakeFiles/C031_FOC.elf.dir/Drivers/STM32C0xx_HAL_Driver/Src/stm32c0xx_hal_adc.c.obj
 .text.HAL_ADC_ErrorCallback
                0x08002f7e        0x2 CMakeFiles/C031_FOC.elf.dir/Drivers/STM32C0xx_HAL_Driver/Src/stm32c0xx_hal_adc.c.obj
                0x08002f7e                HAL_ADC_ErrorCallback
 .text.ADC_DMAError
                0x08002f80       0x1a CMakeFiles/C031_FOC.elf.dir/Drivers/STM32C0xx_HAL_Driver/Src/stm32c0xx_hal_adc.c.obj
 *fill*         0x08002f9a        0x2 
 .text.ADC_DMAConvCplt
                0x08002f9c       0x80 CMakeFiles/C031_FOC.elf.dir/Drivers/STM32C0xx_HAL_Driver/Src/stm32c0xx_hal_adc.c.obj
 .text.HAL_ADC_ConfigChannel
                0x0800301c      0x280 CMakeFiles/C031_FOC.elf.dir/Drivers/STM32C0xx_HAL_Driver/Src/stm32c0xx_hal_adc.c.obj
                0x0800301c                HAL_ADC_ConfigChannel
 .text.ADC_Enable
                0x0800329c       0xc8 CMakeFiles/C031_FOC.elf.dir/Drivers/STM32C0xx_HAL_Driver/Src/stm32c0xx_hal_adc.c.obj
                0x0800329c                ADC_Enable
 .text.HAL_ADC_Start_DMA
                0x08003364       0xbc CMakeFiles/C031_FOC.elf.dir/Drivers/STM32C0xx_HAL_Driver/Src/stm32c0xx_hal_adc.c.obj
                0x08003364                HAL_ADC_Start_DMA
 .text.HAL_NVIC_SetPriority
                0x08003420       0x60 CMakeFiles/C031_FOC.elf.dir/Drivers/STM32C0xx_HAL_Driver/Src/stm32c0xx_hal_cortex.c.obj
                0x08003420                HAL_NVIC_SetPriority
 .text.HAL_NVIC_EnableIRQ
                0x08003480       0x18 CMakeFiles/C031_FOC.elf.dir/Drivers/STM32C0xx_HAL_Driver/Src/stm32c0xx_hal_cortex.c.obj
                0x08003480                HAL_NVIC_EnableIRQ
 .text.HAL_SYSTICK_Config
                0x08003498       0x38 CMakeFiles/C031_FOC.elf.dir/Drivers/STM32C0xx_HAL_Driver/Src/stm32c0xx_hal_cortex.c.obj
                0x08003498                HAL_SYSTICK_Config
 .text.DMA_SetConfig
                0x080034d0       0x48 CMakeFiles/C031_FOC.elf.dir/Drivers/STM32C0xx_HAL_Driver/Src/stm32c0xx_hal_dma.c.obj
 .text.DMA_CalcDMAMUXChannelBaseAndMask
                0x08003518       0x38 CMakeFiles/C031_FOC.elf.dir/Drivers/STM32C0xx_HAL_Driver/Src/stm32c0xx_hal_dma.c.obj
 .text.DMA_CalcDMAMUXRequestGenBaseAndMask
                0x08003550       0x28 CMakeFiles/C031_FOC.elf.dir/Drivers/STM32C0xx_HAL_Driver/Src/stm32c0xx_hal_dma.c.obj
 .text.HAL_DMA_Init
                0x08003578       0xb0 CMakeFiles/C031_FOC.elf.dir/Drivers/STM32C0xx_HAL_Driver/Src/stm32c0xx_hal_dma.c.obj
                0x08003578                HAL_DMA_Init
 .text.HAL_DMA_Start_IT
                0x08003628       0x9e CMakeFiles/C031_FOC.elf.dir/Drivers/STM32C0xx_HAL_Driver/Src/stm32c0xx_hal_dma.c.obj
                0x08003628                HAL_DMA_Start_IT
 *fill*         0x080036c6        0x2 
 .text.HAL_DMA_IRQHandler
                0x080036c8       0xcc CMakeFiles/C031_FOC.elf.dir/Drivers/STM32C0xx_HAL_Driver/Src/stm32c0xx_hal_dma.c.obj
                0x080036c8                HAL_DMA_IRQHandler
 .text.HAL_GPIO_Init
                0x08003794      0x1bc CMakeFiles/C031_FOC.elf.dir/Drivers/STM32C0xx_HAL_Driver/Src/stm32c0xx_hal_gpio.c.obj
                0x08003794                HAL_GPIO_Init
 .text.HAL_GPIO_WritePin
                0x08003950        0xc CMakeFiles/C031_FOC.elf.dir/Drivers/STM32C0xx_HAL_Driver/Src/stm32c0xx_hal_gpio.c.obj
                0x08003950                HAL_GPIO_WritePin
 .text.HAL_GPIO_EXTI_Rising_Callback
                0x0800395c        0x2 CMakeFiles/C031_FOC.elf.dir/Drivers/STM32C0xx_HAL_Driver/Src/stm32c0xx_hal_gpio.c.obj
                0x0800395c                HAL_GPIO_EXTI_Rising_Callback
 .text.HAL_GPIO_EXTI_Falling_Callback
                0x0800395e        0x2 CMakeFiles/C031_FOC.elf.dir/Drivers/STM32C0xx_HAL_Driver/Src/stm32c0xx_hal_gpio.c.obj
                0x0800395e                HAL_GPIO_EXTI_Falling_Callback
 .text.HAL_GPIO_EXTI_IRQHandler
                0x08003960       0x30 CMakeFiles/C031_FOC.elf.dir/Drivers/STM32C0xx_HAL_Driver/Src/stm32c0xx_hal_gpio.c.obj
                0x08003960                HAL_GPIO_EXTI_IRQHandler
 .text.HAL_I2C_Init
                0x08003990       0xcc CMakeFiles/C031_FOC.elf.dir/Drivers/STM32C0xx_HAL_Driver/Src/stm32c0xx_hal_i2c.c.obj
                0x08003990                HAL_I2C_Init
 .text.HAL_I2CEx_ConfigAnalogFilter
                0x08003a5c       0x58 CMakeFiles/C031_FOC.elf.dir/Drivers/STM32C0xx_HAL_Driver/Src/stm32c0xx_hal_i2c_ex.c.obj
                0x08003a5c                HAL_I2CEx_ConfigAnalogFilter
 .text.HAL_I2CEx_ConfigDigitalFilter
                0x08003ab4       0x54 CMakeFiles/C031_FOC.elf.dir/Drivers/STM32C0xx_HAL_Driver/Src/stm32c0xx_hal_i2c_ex.c.obj
                0x08003ab4                HAL_I2CEx_ConfigDigitalFilter
 .text.HAL_RCC_OscConfig
                0x08003b08      0x2e4 CMakeFiles/C031_FOC.elf.dir/Drivers/STM32C0xx_HAL_Driver/Src/stm32c0xx_hal_rcc.c.obj
                0x08003b08                HAL_RCC_OscConfig
 .text.HAL_RCC_GetSysClockFreq
                0x08003dec       0x5c CMakeFiles/C031_FOC.elf.dir/Drivers/STM32C0xx_HAL_Driver/Src/stm32c0xx_hal_rcc.c.obj
                0x08003dec                HAL_RCC_GetSysClockFreq
 .text.HAL_RCC_ClockConfig
                0x08003e48      0x190 CMakeFiles/C031_FOC.elf.dir/Drivers/STM32C0xx_HAL_Driver/Src/stm32c0xx_hal_rcc.c.obj
                0x08003e48                HAL_RCC_ClockConfig
 .text.HAL_RCC_GetHCLKFreq
                0x08003fd8        0xc CMakeFiles/C031_FOC.elf.dir/Drivers/STM32C0xx_HAL_Driver/Src/stm32c0xx_hal_rcc.c.obj
                0x08003fd8                HAL_RCC_GetHCLKFreq
 .text.HAL_RCC_GetPCLK1Freq
                0x08003fe4       0x28 CMakeFiles/C031_FOC.elf.dir/Drivers/STM32C0xx_HAL_Driver/Src/stm32c0xx_hal_rcc.c.obj
                0x08003fe4                HAL_RCC_GetPCLK1Freq
 .text.HAL_RCCEx_PeriphCLKConfig
                0x0800400c      0x134 CMakeFiles/C031_FOC.elf.dir/Drivers/STM32C0xx_HAL_Driver/Src/stm32c0xx_hal_rcc_ex.c.obj
                0x0800400c                HAL_RCCEx_PeriphCLKConfig
 .text.TIM_OC1_SetConfig
                0x08004140       0x7c CMakeFiles/C031_FOC.elf.dir/Drivers/STM32C0xx_HAL_Driver/Src/stm32c0xx_hal_tim.c.obj
 .text.TIM_OC3_SetConfig
                0x080041bc       0x8c CMakeFiles/C031_FOC.elf.dir/Drivers/STM32C0xx_HAL_Driver/Src/stm32c0xx_hal_tim.c.obj
 .text.TIM_OC4_SetConfig
                0x08004248       0x68 CMakeFiles/C031_FOC.elf.dir/Drivers/STM32C0xx_HAL_Driver/Src/stm32c0xx_hal_tim.c.obj
 .text.TIM_OC5_SetConfig
                0x080042b0       0x64 CMakeFiles/C031_FOC.elf.dir/Drivers/STM32C0xx_HAL_Driver/Src/stm32c0xx_hal_tim.c.obj
 .text.TIM_OC6_SetConfig
                0x08004314       0x68 CMakeFiles/C031_FOC.elf.dir/Drivers/STM32C0xx_HAL_Driver/Src/stm32c0xx_hal_tim.c.obj
 .text.TIM_TI1_ConfigInputStage
                0x0800437c       0x22 CMakeFiles/C031_FOC.elf.dir/Drivers/STM32C0xx_HAL_Driver/Src/stm32c0xx_hal_tim.c.obj
 *fill*         0x0800439e        0x2 
 .text.TIM_TI2_ConfigInputStage
                0x080043a0       0x28 CMakeFiles/C031_FOC.elf.dir/Drivers/STM32C0xx_HAL_Driver/Src/stm32c0xx_hal_tim.c.obj
 .text.TIM_ITRx_SetConfig
                0x080043c8       0x14 CMakeFiles/C031_FOC.elf.dir/Drivers/STM32C0xx_HAL_Driver/Src/stm32c0xx_hal_tim.c.obj
 .text.HAL_TIM_PWM_MspInit
                0x080043dc        0x2 CMakeFiles/C031_FOC.elf.dir/Drivers/STM32C0xx_HAL_Driver/Src/stm32c0xx_hal_tim.c.obj
                0x080043dc                HAL_TIM_PWM_MspInit
 .text.HAL_TIM_PeriodElapsedCallback
                0x080043de        0x2 CMakeFiles/C031_FOC.elf.dir/Drivers/STM32C0xx_HAL_Driver/Src/stm32c0xx_hal_tim.c.obj
                0x080043de                HAL_TIM_PeriodElapsedCallback
 .text.HAL_TIM_OC_DelayElapsedCallback
                0x080043e0        0x2 CMakeFiles/C031_FOC.elf.dir/Drivers/STM32C0xx_HAL_Driver/Src/stm32c0xx_hal_tim.c.obj
                0x080043e0                HAL_TIM_OC_DelayElapsedCallback
 .text.HAL_TIM_IC_CaptureCallback
                0x080043e2        0x2 CMakeFiles/C031_FOC.elf.dir/Drivers/STM32C0xx_HAL_Driver/Src/stm32c0xx_hal_tim.c.obj
                0x080043e2                HAL_TIM_IC_CaptureCallback
 .text.HAL_TIM_PWM_PulseFinishedCallback
                0x080043e4        0x2 CMakeFiles/C031_FOC.elf.dir/Drivers/STM32C0xx_HAL_Driver/Src/stm32c0xx_hal_tim.c.obj
                0x080043e4                HAL_TIM_PWM_PulseFinishedCallback
 .text.HAL_TIM_TriggerCallback
                0x080043e6        0x2 CMakeFiles/C031_FOC.elf.dir/Drivers/STM32C0xx_HAL_Driver/Src/stm32c0xx_hal_tim.c.obj
                0x080043e6                HAL_TIM_TriggerCallback
 .text.HAL_TIM_IRQHandler
                0x080043e8      0x178 CMakeFiles/C031_FOC.elf.dir/Drivers/STM32C0xx_HAL_Driver/Src/stm32c0xx_hal_tim.c.obj
                0x080043e8                HAL_TIM_IRQHandler
 .text.TIM_Base_SetConfig
                0x08004560       0x84 CMakeFiles/C031_FOC.elf.dir/Drivers/STM32C0xx_HAL_Driver/Src/stm32c0xx_hal_tim.c.obj
                0x08004560                TIM_Base_SetConfig
 .text.HAL_TIM_Base_Init
                0x080045e4       0x60 CMakeFiles/C031_FOC.elf.dir/Drivers/STM32C0xx_HAL_Driver/Src/stm32c0xx_hal_tim.c.obj
                0x080045e4                HAL_TIM_Base_Init
 .text.HAL_TIM_PWM_Init
                0x08004644       0x60 CMakeFiles/C031_FOC.elf.dir/Drivers/STM32C0xx_HAL_Driver/Src/stm32c0xx_hal_tim.c.obj
                0x08004644                HAL_TIM_PWM_Init
 .text.TIM_OC2_SetConfig
                0x080046a4       0x80 CMakeFiles/C031_FOC.elf.dir/Drivers/STM32C0xx_HAL_Driver/Src/stm32c0xx_hal_tim.c.obj
                0x080046a4                TIM_OC2_SetConfig
 .text.HAL_TIM_PWM_ConfigChannel
                0x08004724      0x144 CMakeFiles/C031_FOC.elf.dir/Drivers/STM32C0xx_HAL_Driver/Src/stm32c0xx_hal_tim.c.obj
                0x08004724                HAL_TIM_PWM_ConfigChannel
 .text.TIM_ETR_SetConfig
                0x08004868       0x18 CMakeFiles/C031_FOC.elf.dir/Drivers/STM32C0xx_HAL_Driver/Src/stm32c0xx_hal_tim.c.obj
                0x08004868                TIM_ETR_SetConfig
 .text.HAL_TIM_ConfigClockSource
                0x08004880      0x108 CMakeFiles/C031_FOC.elf.dir/Drivers/STM32C0xx_HAL_Driver/Src/stm32c0xx_hal_tim.c.obj
                0x08004880                HAL_TIM_ConfigClockSource
 .text.TIM_CCxChannelCmd
                0x08004988       0x1a CMakeFiles/C031_FOC.elf.dir/Drivers/STM32C0xx_HAL_Driver/Src/stm32c0xx_hal_tim.c.obj
                0x08004988                TIM_CCxChannelCmd
 *fill*         0x080049a2        0x2 
 .text.HAL_TIM_PWM_Start
                0x080049a4      0x12c CMakeFiles/C031_FOC.elf.dir/Drivers/STM32C0xx_HAL_Driver/Src/stm32c0xx_hal_tim.c.obj
                0x080049a4                HAL_TIM_PWM_Start
 .text.TIM_CCxNChannelCmd
                0x08004ad0       0x1a CMakeFiles/C031_FOC.elf.dir/Drivers/STM32C0xx_HAL_Driver/Src/stm32c0xx_hal_tim_ex.c.obj
 *fill*         0x08004aea        0x2 
 .text.HAL_TIMEx_PWMN_Start
                0x08004aec       0xd8 CMakeFiles/C031_FOC.elf.dir/Drivers/STM32C0xx_HAL_Driver/Src/stm32c0xx_hal_tim_ex.c.obj
                0x08004aec                HAL_TIMEx_PWMN_Start
 .text.HAL_TIMEx_MasterConfigSynchronization
                0x08004bc4       0x70 CMakeFiles/C031_FOC.elf.dir/Drivers/STM32C0xx_HAL_Driver/Src/stm32c0xx_hal_tim_ex.c.obj
                0x08004bc4                HAL_TIMEx_MasterConfigSynchronization
 .text.HAL_TIMEx_ConfigBreakDeadTime
                0x08004c34       0xcc CMakeFiles/C031_FOC.elf.dir/Drivers/STM32C0xx_HAL_Driver/Src/stm32c0xx_hal_tim_ex.c.obj
                0x08004c34                HAL_TIMEx_ConfigBreakDeadTime
 .text.HAL_TIMEx_CommutCallback
                0x08004d00        0x2 CMakeFiles/C031_FOC.elf.dir/Drivers/STM32C0xx_HAL_Driver/Src/stm32c0xx_hal_tim_ex.c.obj
                0x08004d00                HAL_TIMEx_CommutCallback
 .text.HAL_TIMEx_BreakCallback
                0x08004d02        0x2 CMakeFiles/C031_FOC.elf.dir/Drivers/STM32C0xx_HAL_Driver/Src/stm32c0xx_hal_tim_ex.c.obj
                0x08004d02                HAL_TIMEx_BreakCallback
 .text.HAL_TIMEx_Break2Callback
                0x08004d04        0x2 CMakeFiles/C031_FOC.elf.dir/Drivers/STM32C0xx_HAL_Driver/Src/stm32c0xx_hal_tim_ex.c.obj
                0x08004d04                HAL_TIMEx_Break2Callback
 *fill*         0x08004d06        0x2 
 .text.UART_SetConfig
                0x08004d08      0x1c8 CMakeFiles/C031_FOC.elf.dir/Drivers/STM32C0xx_HAL_Driver/Src/stm32c0xx_hal_uart.c.obj
                0x08004d08                UART_SetConfig
 .text.UART_AdvFeatureConfig
                0x08004ed0       0xe0 CMakeFiles/C031_FOC.elf.dir/Drivers/STM32C0xx_HAL_Driver/Src/stm32c0xx_hal_uart.c.obj
                0x08004ed0                UART_AdvFeatureConfig
 .text.UART_WaitOnFlagUntilTimeout
                0x08004fb0       0xe4 CMakeFiles/C031_FOC.elf.dir/Drivers/STM32C0xx_HAL_Driver/Src/stm32c0xx_hal_uart.c.obj
                0x08004fb0                UART_WaitOnFlagUntilTimeout
 .text.UART_CheckIdleState
                0x08005094       0x74 CMakeFiles/C031_FOC.elf.dir/Drivers/STM32C0xx_HAL_Driver/Src/stm32c0xx_hal_uart.c.obj
                0x08005094                UART_CheckIdleState
 .text.HAL_UART_Init
                0x08005108       0x70 CMakeFiles/C031_FOC.elf.dir/Drivers/STM32C0xx_HAL_Driver/Src/stm32c0xx_hal_uart.c.obj
                0x08005108                HAL_UART_Init
 .text.UARTEx_SetNbDataToProcess
                0x08005178       0x50 CMakeFiles/C031_FOC.elf.dir/Drivers/STM32C0xx_HAL_Driver/Src/stm32c0xx_hal_uart_ex.c.obj
 .text.HAL_UARTEx_DisableFifoMode
                0x080051c8       0x40 CMakeFiles/C031_FOC.elf.dir/Drivers/STM32C0xx_HAL_Driver/Src/stm32c0xx_hal_uart_ex.c.obj
                0x080051c8                HAL_UARTEx_DisableFifoMode
 .text.HAL_UARTEx_SetTxFifoThreshold
                0x08005208       0x4a CMakeFiles/C031_FOC.elf.dir/Drivers/STM32C0xx_HAL_Driver/Src/stm32c0xx_hal_uart_ex.c.obj
                0x08005208                HAL_UARTEx_SetTxFifoThreshold
 *fill*         0x08005252        0x2 
 .text.HAL_UARTEx_SetRxFifoThreshold
                0x08005254       0x50 CMakeFiles/C031_FOC.elf.dir/Drivers/STM32C0xx_HAL_Driver/Src/stm32c0xx_hal_uart_ex.c.obj
                0x08005254                HAL_UARTEx_SetRxFifoThreshold
 .text.foc_step
                0x080052a4      0x418 CMakeFiles/C031_FOC.elf.dir/User/foc.c.obj
                0x080052a4                foc_step
 .text.__libc_init_array
                0x080056bc       0x44 d:/stm32cube/gnu-tools-arm-embedded/bin/../lib/gcc/arm-none-eabi/10.3.1/../../../../arm-none-eabi/lib/thumb/v6-m/nofp\libg.a(lib_a-init.o)
                0x080056bc                __libc_init_array
 .text.memset   0x08005700       0xa8 d:/stm32cube/gnu-tools-arm-embedded/bin/../lib/gcc/arm-none-eabi/10.3.1/../../../../arm-none-eabi/lib/thumb/v6-m/nofp\libg.a(lib_a-memset.o)
                0x08005700                memset
 .text.startup.register_fini
                0x080057a8       0x18 d:/stm32cube/gnu-tools-arm-embedded/bin/../lib/gcc/arm-none-eabi/10.3.1/../../../../arm-none-eabi/lib/thumb/v6-m/nofp\libg.a(lib_a-__call_atexit.o)
 .text.atexit   0x080057c0       0x10 d:/stm32cube/gnu-tools-arm-embedded/bin/../lib/gcc/arm-none-eabi/10.3.1/../../../../arm-none-eabi/lib/thumb/v6-m/nofp\libg.a(lib_a-atexit.o)
                0x080057c0                atexit
 .text.__libc_fini_array
                0x080057d0       0x28 d:/stm32cube/gnu-tools-arm-embedded/bin/../lib/gcc/arm-none-eabi/10.3.1/../../../../arm-none-eabi/lib/thumb/v6-m/nofp\libg.a(lib_a-fini.o)
                0x080057d0                __libc_fini_array
 .text.__retarget_lock_acquire_recursive
                0x080057f8        0x4 d:/stm32cube/gnu-tools-arm-embedded/bin/../lib/gcc/arm-none-eabi/10.3.1/../../../../arm-none-eabi/lib/thumb/v6-m/nofp\libg.a(lib_a-lock.o)
                0x080057f8                __retarget_lock_acquire_recursive
 .text.__retarget_lock_release_recursive
                0x080057fc        0x4 d:/stm32cube/gnu-tools-arm-embedded/bin/../lib/gcc/arm-none-eabi/10.3.1/../../../../arm-none-eabi/lib/thumb/v6-m/nofp\libg.a(lib_a-lock.o)
                0x080057fc                __retarget_lock_release_recursive
 .text.__register_exitproc
                0x08005800       0xac d:/stm32cube/gnu-tools-arm-embedded/bin/../lib/gcc/arm-none-eabi/10.3.1/../../../../arm-none-eabi/lib/thumb/v6-m/nofp\libg.a(lib_a-__atexit.o)
                0x08005800                __register_exitproc
 .text.cosf     0x080058ac       0x78 d:/stm32cube/gnu-tools-arm-embedded/bin/../lib/gcc/arm-none-eabi/10.3.1/../../../../arm-none-eabi/lib/thumb/v6-m/nofp\libm.a(lib_a-sf_cos.o)
                0x080058ac                cosf
 .text.sinf     0x08005924       0x7c d:/stm32cube/gnu-tools-arm-embedded/bin/../lib/gcc/arm-none-eabi/10.3.1/../../../../arm-none-eabi/lib/thumb/v6-m/nofp\libm.a(lib_a-sf_sin.o)
                0x08005924                sinf
 .text.__ieee754_rem_pio2f
                0x080059a0      0x2f4 d:/stm32cube/gnu-tools-arm-embedded/bin/../lib/gcc/arm-none-eabi/10.3.1/../../../../arm-none-eabi/lib/thumb/v6-m/nofp\libm.a(lib_a-ef_rem_pio2.o)
                0x080059a0                __ieee754_rem_pio2f
 .text.__kernel_cosf
                0x08005c94      0x190 d:/stm32cube/gnu-tools-arm-embedded/bin/../lib/gcc/arm-none-eabi/10.3.1/../../../../arm-none-eabi/lib/thumb/v6-m/nofp\libm.a(lib_a-kf_cos.o)
                0x08005c94                __kernel_cosf
 .text.__kernel_rem_pio2f
                0x08005e24      0x734 d:/stm32cube/gnu-tools-arm-embedded/bin/../lib/gcc/arm-none-eabi/10.3.1/../../../../arm-none-eabi/lib/thumb/v6-m/nofp\libm.a(lib_a-kf_rem_pio2.o)
                0x08005e24                __kernel_rem_pio2f
 .text.__kernel_sinf
                0x08006558       0xf0 d:/stm32cube/gnu-tools-arm-embedded/bin/../lib/gcc/arm-none-eabi/10.3.1/../../../../arm-none-eabi/lib/thumb/v6-m/nofp\libm.a(lib_a-kf_sin.o)
                0x08006558                __kernel_sinf
 .text.fabsf    0x08006648        0x8 d:/stm32cube/gnu-tools-arm-embedded/bin/../lib/gcc/arm-none-eabi/10.3.1/../../../../arm-none-eabi/lib/thumb/v6-m/nofp\libm.a(lib_a-sf_fabs.o)
                0x08006648                fabsf
 .text.floorf   0x08006650       0x98 d:/stm32cube/gnu-tools-arm-embedded/bin/../lib/gcc/arm-none-eabi/10.3.1/../../../../arm-none-eabi/lib/thumb/v6-m/nofp\libm.a(lib_a-sf_floor.o)
                0x08006650                floorf
 .text.scalbnf  0x080066e8       0xbc d:/stm32cube/gnu-tools-arm-embedded/bin/../lib/gcc/arm-none-eabi/10.3.1/../../../../arm-none-eabi/lib/thumb/v6-m/nofp\libm.a(lib_a-sf_scalbn.o)
                0x080066e8                scalbnf
 *(.glue_7)
 .glue_7        0x080067a4        0x0 linker stubs
 *(.glue_7t)
 .glue_7t       0x080067a4        0x0 linker stubs
 *(.eh_frame)
 .eh_frame      0x080067a4        0x0 d:/stm32cube/gnu-tools-arm-embedded/bin/../lib/gcc/arm-none-eabi/10.3.1/thumb/v6-m/nofp/crtbegin.o
 *(.init)
 .init          0x080067a4        0x4 d:/stm32cube/gnu-tools-arm-embedded/bin/../lib/gcc/arm-none-eabi/10.3.1/thumb/v6-m/nofp/crti.o
                0x080067a4                _init
 .init          0x080067a8        0x8 d:/stm32cube/gnu-tools-arm-embedded/bin/../lib/gcc/arm-none-eabi/10.3.1/thumb/v6-m/nofp/crtn.o
 *(.fini)
 .fini          0x080067b0        0x4 d:/stm32cube/gnu-tools-arm-embedded/bin/../lib/gcc/arm-none-eabi/10.3.1/thumb/v6-m/nofp/crti.o
                0x080067b0                _fini
 .fini          0x080067b4        0x8 d:/stm32cube/gnu-tools-arm-embedded/bin/../lib/gcc/arm-none-eabi/10.3.1/thumb/v6-m/nofp/crtn.o
                0x080067bc                . = ALIGN (0x4)
                0x080067bc                _etext = .

.vfp11_veneer   0x080067bc        0x0
 .vfp11_veneer  0x080067bc        0x0 linker stubs

.v4_bx          0x080067bc        0x0
 .v4_bx         0x080067bc        0x0 linker stubs

.iplt           0x080067bc        0x0
 .iplt          0x080067bc        0x0 d:/stm32cube/gnu-tools-arm-embedded/bin/../lib/gcc/arm-none-eabi/10.3.1/thumb/v6-m/nofp/crtbegin.o

.rodata         0x080067bc      0x5a4
                0x080067bc                . = ALIGN (0x4)
 *(.rodata)
 .rodata        0x080067bc       0x80 d:/stm32cube/gnu-tools-arm-embedded/bin/../lib/gcc/arm-none-eabi/10.3.1/thumb/v6-m/nofp\libgcc.a(divsf3.o)
 .rodata        0x0800683c       0x40 d:/stm32cube/gnu-tools-arm-embedded/bin/../lib/gcc/arm-none-eabi/10.3.1/thumb/v6-m/nofp\libgcc.a(mulsf3.o)
 *(.rodata*)
 .rodata.AHBPrescTable
                0x0800687c       0x40 CMakeFiles/C031_FOC.elf.dir/Core/Src/system_stm32c0xx.c.obj
                0x0800687c                AHBPrescTable
 .rodata.APBPrescTable
                0x080068bc       0x20 CMakeFiles/C031_FOC.elf.dir/Core/Src/system_stm32c0xx.c.obj
                0x080068bc                APBPrescTable
 .rodata.HAL_TIM_PWM_ConfigChannel
                0x080068dc       0x54 CMakeFiles/C031_FOC.elf.dir/Drivers/STM32C0xx_HAL_Driver/Src/stm32c0xx_hal_tim.c.obj
 .rodata.UARTPrescTable
                0x08006930       0x18 CMakeFiles/C031_FOC.elf.dir/Drivers/STM32C0xx_HAL_Driver/Src/stm32c0xx_hal_uart.c.obj
                0x08006930                UARTPrescTable
 .rodata.denominator.0
                0x08006948        0x8 CMakeFiles/C031_FOC.elf.dir/Drivers/STM32C0xx_HAL_Driver/Src/stm32c0xx_hal_uart_ex.c.obj
 .rodata.numerator.1
                0x08006950        0x8 CMakeFiles/C031_FOC.elf.dir/Drivers/STM32C0xx_HAL_Driver/Src/stm32c0xx_hal_uart_ex.c.obj
 .rodata.foc_step
                0x08006958       0x34 CMakeFiles/C031_FOC.elf.dir/User/foc.c.obj
 .rodata._global_impure_ptr
                0x0800698c        0x4 d:/stm32cube/gnu-tools-arm-embedded/bin/../lib/gcc/arm-none-eabi/10.3.1/../../../../arm-none-eabi/lib/thumb/v6-m/nofp\libg.a(lib_a-impure.o)
                0x0800698c                _global_impure_ptr
 .rodata.npio2_hw
                0x08006990       0x80 d:/stm32cube/gnu-tools-arm-embedded/bin/../lib/gcc/arm-none-eabi/10.3.1/../../../../arm-none-eabi/lib/thumb/v6-m/nofp\libm.a(lib_a-ef_rem_pio2.o)
 .rodata.two_over_pi
                0x08006a10      0x318 d:/stm32cube/gnu-tools-arm-embedded/bin/../lib/gcc/arm-none-eabi/10.3.1/../../../../arm-none-eabi/lib/thumb/v6-m/nofp\libm.a(lib_a-ef_rem_pio2.o)
 .rodata.PIo2   0x08006d28       0x2c d:/stm32cube/gnu-tools-arm-embedded/bin/../lib/gcc/arm-none-eabi/10.3.1/../../../../arm-none-eabi/lib/thumb/v6-m/nofp\libm.a(lib_a-kf_rem_pio2.o)
 .rodata.init_jk
                0x08006d54        0xc d:/stm32cube/gnu-tools-arm-embedded/bin/../lib/gcc/arm-none-eabi/10.3.1/../../../../arm-none-eabi/lib/thumb/v6-m/nofp\libm.a(lib_a-kf_rem_pio2.o)
                0x08006d60                . = ALIGN (0x4)

.rel.dyn        0x08006d60        0x0
 .rel.iplt      0x08006d60        0x0 d:/stm32cube/gnu-tools-arm-embedded/bin/../lib/gcc/arm-none-eabi/10.3.1/thumb/v6-m/nofp/crtbegin.o

.ARM.extab      0x08006d60        0x0
                0x08006d60                . = ALIGN (0x4)
 *(.ARM.extab* .gnu.linkonce.armextab.*)
                0x08006d60                . = ALIGN (0x4)

.ARM            0x08006d60        0x0
                0x08006d60                . = ALIGN (0x4)
                0x08006d60                __exidx_start = .
 *(.ARM.exidx*)
                0x08006d60                __exidx_end = .
                0x08006d60                . = ALIGN (0x4)

.preinit_array  0x08006d60        0x0
                0x08006d60                . = ALIGN (0x4)
                0x08006d60                PROVIDE (__preinit_array_start = .)
 *(.preinit_array*)
                0x08006d60                PROVIDE (__preinit_array_end = .)
                0x08006d60                . = ALIGN (0x4)

.init_array     0x08006d60        0x8
                0x08006d60                . = ALIGN (0x4)
                0x08006d60                PROVIDE (__init_array_start = .)
 *(SORT_BY_NAME(.init_array.*))
 .init_array.00000
                0x08006d60        0x4 d:/stm32cube/gnu-tools-arm-embedded/bin/../lib/gcc/arm-none-eabi/10.3.1/../../../../arm-none-eabi/lib/thumb/v6-m/nofp\libg.a(lib_a-__call_atexit.o)
 *(.init_array*)
 .init_array    0x08006d64        0x4 d:/stm32cube/gnu-tools-arm-embedded/bin/../lib/gcc/arm-none-eabi/10.3.1/thumb/v6-m/nofp/crtbegin.o
                0x08006d68                PROVIDE (__init_array_end = .)
                0x08006d68                . = ALIGN (0x4)

.fini_array     0x08006d68        0x4
                0x08006d68                . = ALIGN (0x4)
                0x08006d68                PROVIDE (__fini_array_start = .)
 *(SORT_BY_NAME(.fini_array.*))
 *(.fini_array*)
 .fini_array    0x08006d68        0x4 d:/stm32cube/gnu-tools-arm-embedded/bin/../lib/gcc/arm-none-eabi/10.3.1/thumb/v6-m/nofp/crtbegin.o
                0x08006d6c                PROVIDE (__fini_array_end = .)
                0x08006d6c                . = ALIGN (0x4)
                0x08006d6c                _sidata = LOADADDR (.data)

.data           0x20000000      0x43c load address 0x08006d6c
                0x20000000                . = ALIGN (0x4)
                0x20000000                _sdata = .
 *(.data)
 *(.data*)
 .data.SystemCoreClock
                0x20000000        0x4 CMakeFiles/C031_FOC.elf.dir/Core/Src/system_stm32c0xx.c.obj
                0x20000000                SystemCoreClock
 .data.uwTickFreq
                0x20000004        0x4 CMakeFiles/C031_FOC.elf.dir/Drivers/STM32C0xx_HAL_Driver/Src/stm32c0xx_hal.c.obj
                0x20000004                uwTickFreq
 .data.uwTickPrio
                0x20000008        0x4 CMakeFiles/C031_FOC.elf.dir/Drivers/STM32C0xx_HAL_Driver/Src/stm32c0xx_hal.c.obj
                0x20000008                uwTickPrio
 *fill*         0x2000000c        0x4 
 .data.impure_data
                0x20000010      0x428 d:/stm32cube/gnu-tools-arm-embedded/bin/../lib/gcc/arm-none-eabi/10.3.1/../../../../arm-none-eabi/lib/thumb/v6-m/nofp\libg.a(lib_a-impure.o)
 .data.__atexit_recursive_mutex
                0x20000438        0x4 d:/stm32cube/gnu-tools-arm-embedded/bin/../lib/gcc/arm-none-eabi/10.3.1/../../../../arm-none-eabi/lib/thumb/v6-m/nofp\libg.a(lib_a-__call_atexit.o)
                0x20000438                __atexit_recursive_mutex
 *(.RamFunc)
 *(.RamFunc*)
                0x2000043c                . = ALIGN (0x4)
                0x2000043c                _edata = .

.igot.plt       0x2000043c        0x0 load address 0x080071a8
 .igot.plt      0x2000043c        0x0 d:/stm32cube/gnu-tools-arm-embedded/bin/../lib/gcc/arm-none-eabi/10.3.1/thumb/v6-m/nofp/crtbegin.o
                0x2000043c                . = ALIGN (0x4)

.bss            0x20000440      0x244 load address 0x080071a8
                0x20000440                _sbss = .
                0x20000440                __bss_start__ = _sbss
 *(.bss)
 .bss           0x20000440       0x1c d:/stm32cube/gnu-tools-arm-embedded/bin/../lib/gcc/arm-none-eabi/10.3.1/thumb/v6-m/nofp/crtbegin.o
 *(.bss*)
 .bss.hadc1     0x2000045c       0x64 CMakeFiles/C031_FOC.elf.dir/Core/Src/adc.c.obj
                0x2000045c                hadc1
 .bss.hdma_adc1
                0x200004c0       0x5c CMakeFiles/C031_FOC.elf.dir/Core/Src/adc.c.obj
                0x200004c0                hdma_adc1
 .bss.hi2c1     0x2000051c       0x4c CMakeFiles/C031_FOC.elf.dir/Core/Src/i2c.c.obj
                0x2000051c                hi2c1
 .bss.adc1_val_buf1
                0x20000568        0x8 CMakeFiles/C031_FOC.elf.dir/Core/Src/main.c.obj
                0x20000568                adc1_val_buf1
 .bss.htim1     0x20000570       0x4c CMakeFiles/C031_FOC.elf.dir/Core/Src/tim.c.obj
                0x20000570                htim1
 .bss.huart1    0x200005bc       0x90 CMakeFiles/C031_FOC.elf.dir/Core/Src/usart.c.obj
                0x200005bc                huart1
 .bss.uwTick    0x2000064c        0x4 CMakeFiles/C031_FOC.elf.dir/Drivers/STM32C0xx_HAL_Driver/Src/stm32c0xx_hal.c.obj
                0x2000064c                uwTick
 .bss.rtU       0x20000650       0x20 CMakeFiles/C031_FOC.elf.dir/User/foc.c.obj
                0x20000650                rtU
 .bss.rtY       0x20000670       0x10 CMakeFiles/C031_FOC.elf.dir/User/foc.c.obj
                0x20000670                rtY
 .bss.__lock___atexit_recursive_mutex
                0x20000680        0x1 d:/stm32cube/gnu-tools-arm-embedded/bin/../lib/gcc/arm-none-eabi/10.3.1/../../../../arm-none-eabi/lib/thumb/v6-m/nofp\libg.a(lib_a-lock.o)
                0x20000680                __lock___atexit_recursive_mutex
 *(COMMON)
                0x20000684                . = ALIGN (0x4)
 *fill*         0x20000681        0x3 
                0x20000684                _ebss = .
                0x20000684                __bss_end__ = _ebss

._user_heap_stack
                0x20000684      0x604 load address 0x080071a8
                0x20000688                . = ALIGN (0x8)
 *fill*         0x20000684        0x4 
                [!provide]                PROVIDE (end = .)
                0x20000688                PROVIDE (_end = .)
                0x20000888                . = (. + _Min_Heap_Size)
 *fill*         0x20000688      0x200 
                0x20000c88                . = (. + _Min_Stack_Size)
 *fill*         0x20000888      0x400 
                0x20000c88                . = ALIGN (0x8)

/DISCARD/
 libc.a(*)
 libm.a(*)
 libgcc.a(*)

.ARM.attributes
                0x00000000       0x28
 *(.ARM.attributes)
 .ARM.attributes
                0x00000000       0x1e d:/stm32cube/gnu-tools-arm-embedded/bin/../lib/gcc/arm-none-eabi/10.3.1/thumb/v6-m/nofp/crti.o
 .ARM.attributes
                0x0000001e       0x2c d:/stm32cube/gnu-tools-arm-embedded/bin/../lib/gcc/arm-none-eabi/10.3.1/thumb/v6-m/nofp/crtbegin.o
 .ARM.attributes
                0x0000004a       0x2c CMakeFiles/C031_FOC.elf.dir/Core/Src/adc.c.obj
 .ARM.attributes
                0x00000076       0x2c CMakeFiles/C031_FOC.elf.dir/Core/Src/dma.c.obj
 .ARM.attributes
                0x000000a2       0x2c CMakeFiles/C031_FOC.elf.dir/Core/Src/gpio.c.obj
 .ARM.attributes
                0x000000ce       0x2c CMakeFiles/C031_FOC.elf.dir/Core/Src/i2c.c.obj
 .ARM.attributes
                0x000000fa       0x2c CMakeFiles/C031_FOC.elf.dir/Core/Src/main.c.obj
 .ARM.attributes
                0x00000126       0x2c CMakeFiles/C031_FOC.elf.dir/Core/Src/stm32c0xx_hal_msp.c.obj
 .ARM.attributes
                0x00000152       0x2c CMakeFiles/C031_FOC.elf.dir/Core/Src/stm32c0xx_it.c.obj
 .ARM.attributes
                0x0000017e       0x2c CMakeFiles/C031_FOC.elf.dir/Core/Src/system_stm32c0xx.c.obj
 .ARM.attributes
                0x000001aa       0x2c CMakeFiles/C031_FOC.elf.dir/Core/Src/tim.c.obj
 .ARM.attributes
                0x000001d6       0x2c CMakeFiles/C031_FOC.elf.dir/Core/Src/usart.c.obj
 .ARM.attributes
                0x00000202       0x22 CMakeFiles/C031_FOC.elf.dir/Core/Startup/startup_stm32c031c6tx.s.obj
 .ARM.attributes
                0x00000224       0x2c CMakeFiles/C031_FOC.elf.dir/Drivers/STM32C0xx_HAL_Driver/Src/stm32c0xx_hal.c.obj
 .ARM.attributes
                0x00000250       0x2c CMakeFiles/C031_FOC.elf.dir/Drivers/STM32C0xx_HAL_Driver/Src/stm32c0xx_hal_adc.c.obj
 .ARM.attributes
                0x0000027c       0x2c CMakeFiles/C031_FOC.elf.dir/Drivers/STM32C0xx_HAL_Driver/Src/stm32c0xx_hal_cortex.c.obj
 .ARM.attributes
                0x000002a8       0x2c CMakeFiles/C031_FOC.elf.dir/Drivers/STM32C0xx_HAL_Driver/Src/stm32c0xx_hal_dma.c.obj
 .ARM.attributes
                0x000002d4       0x2c CMakeFiles/C031_FOC.elf.dir/Drivers/STM32C0xx_HAL_Driver/Src/stm32c0xx_hal_gpio.c.obj
 .ARM.attributes
                0x00000300       0x2c CMakeFiles/C031_FOC.elf.dir/Drivers/STM32C0xx_HAL_Driver/Src/stm32c0xx_hal_i2c.c.obj
 .ARM.attributes
                0x0000032c       0x2c CMakeFiles/C031_FOC.elf.dir/Drivers/STM32C0xx_HAL_Driver/Src/stm32c0xx_hal_i2c_ex.c.obj
 .ARM.attributes
                0x00000358       0x2c CMakeFiles/C031_FOC.elf.dir/Drivers/STM32C0xx_HAL_Driver/Src/stm32c0xx_hal_rcc.c.obj
 .ARM.attributes
                0x00000384       0x2c CMakeFiles/C031_FOC.elf.dir/Drivers/STM32C0xx_HAL_Driver/Src/stm32c0xx_hal_rcc_ex.c.obj
 .ARM.attributes
                0x000003b0       0x2c CMakeFiles/C031_FOC.elf.dir/Drivers/STM32C0xx_HAL_Driver/Src/stm32c0xx_hal_tim.c.obj
 .ARM.attributes
                0x000003dc       0x2c CMakeFiles/C031_FOC.elf.dir/Drivers/STM32C0xx_HAL_Driver/Src/stm32c0xx_hal_tim_ex.c.obj
 .ARM.attributes
                0x00000408       0x2c CMakeFiles/C031_FOC.elf.dir/Drivers/STM32C0xx_HAL_Driver/Src/stm32c0xx_hal_uart.c.obj
 .ARM.attributes
                0x00000434       0x2c CMakeFiles/C031_FOC.elf.dir/Drivers/STM32C0xx_HAL_Driver/Src/stm32c0xx_hal_uart_ex.c.obj
 .ARM.attributes
                0x00000460       0x2c CMakeFiles/C031_FOC.elf.dir/User/foc.c.obj
 .ARM.attributes
                0x0000048c       0x1e d:/stm32cube/gnu-tools-arm-embedded/bin/../lib/gcc/arm-none-eabi/10.3.1/thumb/v6-m/nofp\libgcc.a(_udivsi3.o)
 .ARM.attributes
                0x000004aa       0x1e d:/stm32cube/gnu-tools-arm-embedded/bin/../lib/gcc/arm-none-eabi/10.3.1/thumb/v6-m/nofp\libgcc.a(_divsi3.o)
 .ARM.attributes
                0x000004c8       0x1e d:/stm32cube/gnu-tools-arm-embedded/bin/../lib/gcc/arm-none-eabi/10.3.1/thumb/v6-m/nofp\libgcc.a(_dvmd_tls.o)
 .ARM.attributes
                0x000004e6       0x1e d:/stm32cube/gnu-tools-arm-embedded/bin/../lib/gcc/arm-none-eabi/10.3.1/thumb/v6-m/nofp\libgcc.a(_arm_cmpdf2.o)
 .ARM.attributes
                0x00000504       0x1e d:/stm32cube/gnu-tools-arm-embedded/bin/../lib/gcc/arm-none-eabi/10.3.1/thumb/v6-m/nofp\libgcc.a(_arm_cmpsf2.o)
 .ARM.attributes
                0x00000522       0x2c d:/stm32cube/gnu-tools-arm-embedded/bin/../lib/gcc/arm-none-eabi/10.3.1/thumb/v6-m/nofp\libgcc.a(_fixunssfsi.o)
 .ARM.attributes
                0x0000054e       0x2c d:/stm32cube/gnu-tools-arm-embedded/bin/../lib/gcc/arm-none-eabi/10.3.1/thumb/v6-m/nofp\libgcc.a(addsf3.o)
 .ARM.attributes
                0x0000057a       0x2c d:/stm32cube/gnu-tools-arm-embedded/bin/../lib/gcc/arm-none-eabi/10.3.1/thumb/v6-m/nofp\libgcc.a(divsf3.o)
 .ARM.attributes
                0x000005a6       0x2c d:/stm32cube/gnu-tools-arm-embedded/bin/../lib/gcc/arm-none-eabi/10.3.1/thumb/v6-m/nofp\libgcc.a(eqsf2.o)
 .ARM.attributes
                0x000005d2       0x2c d:/stm32cube/gnu-tools-arm-embedded/bin/../lib/gcc/arm-none-eabi/10.3.1/thumb/v6-m/nofp\libgcc.a(gesf2.o)
 .ARM.attributes
                0x000005fe       0x2c d:/stm32cube/gnu-tools-arm-embedded/bin/../lib/gcc/arm-none-eabi/10.3.1/thumb/v6-m/nofp\libgcc.a(lesf2.o)
 .ARM.attributes
                0x0000062a       0x2c d:/stm32cube/gnu-tools-arm-embedded/bin/../lib/gcc/arm-none-eabi/10.3.1/thumb/v6-m/nofp\libgcc.a(mulsf3.o)
 .ARM.attributes
                0x00000656       0x2c d:/stm32cube/gnu-tools-arm-embedded/bin/../lib/gcc/arm-none-eabi/10.3.1/thumb/v6-m/nofp\libgcc.a(subsf3.o)
 .ARM.attributes
                0x00000682       0x2c d:/stm32cube/gnu-tools-arm-embedded/bin/../lib/gcc/arm-none-eabi/10.3.1/thumb/v6-m/nofp\libgcc.a(fixsfsi.o)
 .ARM.attributes
                0x000006ae       0x2c d:/stm32cube/gnu-tools-arm-embedded/bin/../lib/gcc/arm-none-eabi/10.3.1/thumb/v6-m/nofp\libgcc.a(floatsisf.o)
 .ARM.attributes
                0x000006da       0x2c d:/stm32cube/gnu-tools-arm-embedded/bin/../lib/gcc/arm-none-eabi/10.3.1/thumb/v6-m/nofp\libgcc.a(adddf3.o)
 .ARM.attributes
                0x00000706       0x2c d:/stm32cube/gnu-tools-arm-embedded/bin/../lib/gcc/arm-none-eabi/10.3.1/thumb/v6-m/nofp\libgcc.a(eqdf2.o)
 .ARM.attributes
                0x00000732       0x2c d:/stm32cube/gnu-tools-arm-embedded/bin/../lib/gcc/arm-none-eabi/10.3.1/thumb/v6-m/nofp\libgcc.a(gedf2.o)
 .ARM.attributes
                0x0000075e       0x2c d:/stm32cube/gnu-tools-arm-embedded/bin/../lib/gcc/arm-none-eabi/10.3.1/thumb/v6-m/nofp\libgcc.a(ledf2.o)
 .ARM.attributes
                0x0000078a       0x2c d:/stm32cube/gnu-tools-arm-embedded/bin/../lib/gcc/arm-none-eabi/10.3.1/thumb/v6-m/nofp\libgcc.a(subdf3.o)
 .ARM.attributes
                0x000007b6       0x2c d:/stm32cube/gnu-tools-arm-embedded/bin/../lib/gcc/arm-none-eabi/10.3.1/thumb/v6-m/nofp\libgcc.a(extendsfdf2.o)
 .ARM.attributes
                0x000007e2       0x2c d:/stm32cube/gnu-tools-arm-embedded/bin/../lib/gcc/arm-none-eabi/10.3.1/thumb/v6-m/nofp\libgcc.a(truncdfsf2.o)
 .ARM.attributes
                0x0000080e       0x1e d:/stm32cube/gnu-tools-arm-embedded/bin/../lib/gcc/arm-none-eabi/10.3.1/thumb/v6-m/nofp\libgcc.a(_clzsi2.o)
 .ARM.attributes
                0x0000082c       0x2c d:/stm32cube/gnu-tools-arm-embedded/bin/../lib/gcc/arm-none-eabi/10.3.1/../../../../arm-none-eabi/lib/thumb/v6-m/nofp\libg.a(lib_a-impure.o)
 .ARM.attributes
                0x00000858       0x2c d:/stm32cube/gnu-tools-arm-embedded/bin/../lib/gcc/arm-none-eabi/10.3.1/../../../../arm-none-eabi/lib/thumb/v6-m/nofp\libg.a(lib_a-init.o)
 .ARM.attributes
                0x00000884       0x2c d:/stm32cube/gnu-tools-arm-embedded/bin/../lib/gcc/arm-none-eabi/10.3.1/../../../../arm-none-eabi/lib/thumb/v6-m/nofp\libg.a(lib_a-memset.o)
 .ARM.attributes
                0x000008b0       0x2c d:/stm32cube/gnu-tools-arm-embedded/bin/../lib/gcc/arm-none-eabi/10.3.1/../../../../arm-none-eabi/lib/thumb/v6-m/nofp\libg.a(lib_a-__call_atexit.o)
 .ARM.attributes
                0x000008dc       0x2c d:/stm32cube/gnu-tools-arm-embedded/bin/../lib/gcc/arm-none-eabi/10.3.1/../../../../arm-none-eabi/lib/thumb/v6-m/nofp\libg.a(lib_a-atexit.o)
 .ARM.attributes
                0x00000908       0x2c d:/stm32cube/gnu-tools-arm-embedded/bin/../lib/gcc/arm-none-eabi/10.3.1/../../../../arm-none-eabi/lib/thumb/v6-m/nofp\libg.a(lib_a-fini.o)
 .ARM.attributes
                0x00000934       0x2c d:/stm32cube/gnu-tools-arm-embedded/bin/../lib/gcc/arm-none-eabi/10.3.1/../../../../arm-none-eabi/lib/thumb/v6-m/nofp\libg.a(lib_a-lock.o)
 .ARM.attributes
                0x00000960       0x2c d:/stm32cube/gnu-tools-arm-embedded/bin/../lib/gcc/arm-none-eabi/10.3.1/../../../../arm-none-eabi/lib/thumb/v6-m/nofp\libg.a(lib_a-__atexit.o)
 .ARM.attributes
                0x0000098c       0x1e d:/stm32cube/gnu-tools-arm-embedded/bin/../lib/gcc/arm-none-eabi/10.3.1/thumb/v6-m/nofp/crtn.o
OUTPUT(C031_FOC.elf elf32-littlearm)
LOAD linker stubs
LOAD d:/stm32cube/gnu-tools-arm-embedded/bin/../lib/gcc/arm-none-eabi/10.3.1/../../../../arm-none-eabi/lib/thumb/v6-m/nofp\libc.a
LOAD d:/stm32cube/gnu-tools-arm-embedded/bin/../lib/gcc/arm-none-eabi/10.3.1/../../../../arm-none-eabi/lib/thumb/v6-m/nofp\libm.a
LOAD d:/stm32cube/gnu-tools-arm-embedded/bin/../lib/gcc/arm-none-eabi/10.3.1/thumb/v6-m/nofp\libgcc.a

.debug_info     0x00000000    0x1d6d6
 .debug_info    0x00000000      0xccf CMakeFiles/C031_FOC.elf.dir/Core/Src/adc.c.obj
 .debug_info    0x00000ccf      0x31c CMakeFiles/C031_FOC.elf.dir/Core/Src/dma.c.obj
 .debug_info    0x00000feb      0x561 CMakeFiles/C031_FOC.elf.dir/Core/Src/gpio.c.obj
 .debug_info    0x0000154c      0xc15 CMakeFiles/C031_FOC.elf.dir/Core/Src/i2c.c.obj
 .debug_info    0x00002161     0x1010 CMakeFiles/C031_FOC.elf.dir/Core/Src/main.c.obj
 .debug_info    0x00003171      0x242 CMakeFiles/C031_FOC.elf.dir/Core/Src/stm32c0xx_hal_msp.c.obj
 .debug_info    0x000033b3      0x87f CMakeFiles/C031_FOC.elf.dir/Core/Src/stm32c0xx_it.c.obj
 .debug_info    0x00003c32      0x377 CMakeFiles/C031_FOC.elf.dir/Core/Src/system_stm32c0xx.c.obj
 .debug_info    0x00003fa9     0x10fa CMakeFiles/C031_FOC.elf.dir/Core/Src/tim.c.obj
 .debug_info    0x000050a3      0xcb0 CMakeFiles/C031_FOC.elf.dir/Core/Src/usart.c.obj
 .debug_info    0x00005d53       0x22 CMakeFiles/C031_FOC.elf.dir/Core/Startup/startup_stm32c031c6tx.s.obj
 .debug_info    0x00005d75      0x8e0 CMakeFiles/C031_FOC.elf.dir/Drivers/STM32C0xx_HAL_Driver/Src/stm32c0xx_hal.c.obj
 .debug_info    0x00006655     0x2335 CMakeFiles/C031_FOC.elf.dir/Drivers/STM32C0xx_HAL_Driver/Src/stm32c0xx_hal_adc.c.obj
 .debug_info    0x0000898a      0x9fb CMakeFiles/C031_FOC.elf.dir/Drivers/STM32C0xx_HAL_Driver/Src/stm32c0xx_hal_cortex.c.obj
 .debug_info    0x00009385      0xa0c CMakeFiles/C031_FOC.elf.dir/Drivers/STM32C0xx_HAL_Driver/Src/stm32c0xx_hal_dma.c.obj
 .debug_info    0x00009d91      0x5ee CMakeFiles/C031_FOC.elf.dir/Drivers/STM32C0xx_HAL_Driver/Src/stm32c0xx_hal_gpio.c.obj
 .debug_info    0x0000a37f     0x4135 CMakeFiles/C031_FOC.elf.dir/Drivers/STM32C0xx_HAL_Driver/Src/stm32c0xx_hal_i2c.c.obj
 .debug_info    0x0000e4b4      0xa76 CMakeFiles/C031_FOC.elf.dir/Drivers/STM32C0xx_HAL_Driver/Src/stm32c0xx_hal_i2c_ex.c.obj
 .debug_info    0x0000ef2a      0xaef CMakeFiles/C031_FOC.elf.dir/Drivers/STM32C0xx_HAL_Driver/Src/stm32c0xx_hal_rcc.c.obj
 .debug_info    0x0000fa19      0x656 CMakeFiles/C031_FOC.elf.dir/Drivers/STM32C0xx_HAL_Driver/Src/stm32c0xx_hal_rcc_ex.c.obj
 .debug_info    0x0001006f     0x3f62 CMakeFiles/C031_FOC.elf.dir/Drivers/STM32C0xx_HAL_Driver/Src/stm32c0xx_hal_tim.c.obj
 .debug_info    0x00013fd1     0x1ed9 CMakeFiles/C031_FOC.elf.dir/Drivers/STM32C0xx_HAL_Driver/Src/stm32c0xx_hal_tim_ex.c.obj
 .debug_info    0x00015eaa     0x610e CMakeFiles/C031_FOC.elf.dir/Drivers/STM32C0xx_HAL_Driver/Src/stm32c0xx_hal_uart.c.obj
 .debug_info    0x0001bfb8     0x11b9 CMakeFiles/C031_FOC.elf.dir/Drivers/STM32C0xx_HAL_Driver/Src/stm32c0xx_hal_uart_ex.c.obj
 .debug_info    0x0001d171      0x565 CMakeFiles/C031_FOC.elf.dir/User/foc.c.obj

.debug_abbrev   0x00000000     0x31ad
 .debug_abbrev  0x00000000      0x1ec CMakeFiles/C031_FOC.elf.dir/Core/Src/adc.c.obj
 .debug_abbrev  0x000001ec      0x126 CMakeFiles/C031_FOC.elf.dir/Core/Src/dma.c.obj
 .debug_abbrev  0x00000312      0x17b CMakeFiles/C031_FOC.elf.dir/Core/Src/gpio.c.obj
 .debug_abbrev  0x0000048d      0x1ef CMakeFiles/C031_FOC.elf.dir/Core/Src/i2c.c.obj
 .debug_abbrev  0x0000067c      0x255 CMakeFiles/C031_FOC.elf.dir/Core/Src/main.c.obj
 .debug_abbrev  0x000008d1       0xd1 CMakeFiles/C031_FOC.elf.dir/Core/Src/stm32c0xx_hal_msp.c.obj
 .debug_abbrev  0x000009a2      0x1a1 CMakeFiles/C031_FOC.elf.dir/Core/Src/stm32c0xx_it.c.obj
 .debug_abbrev  0x00000b43      0x119 CMakeFiles/C031_FOC.elf.dir/Core/Src/system_stm32c0xx.c.obj
 .debug_abbrev  0x00000c5c      0x200 CMakeFiles/C031_FOC.elf.dir/Core/Src/tim.c.obj
 .debug_abbrev  0x00000e5c      0x1eb CMakeFiles/C031_FOC.elf.dir/Core/Src/usart.c.obj
 .debug_abbrev  0x00001047       0x12 CMakeFiles/C031_FOC.elf.dir/Core/Startup/startup_stm32c031c6tx.s.obj
 .debug_abbrev  0x00001059      0x2f8 CMakeFiles/C031_FOC.elf.dir/Drivers/STM32C0xx_HAL_Driver/Src/stm32c0xx_hal.c.obj
 .debug_abbrev  0x00001351      0x2c2 CMakeFiles/C031_FOC.elf.dir/Drivers/STM32C0xx_HAL_Driver/Src/stm32c0xx_hal_adc.c.obj
 .debug_abbrev  0x00001613      0x2bc CMakeFiles/C031_FOC.elf.dir/Drivers/STM32C0xx_HAL_Driver/Src/stm32c0xx_hal_cortex.c.obj
 .debug_abbrev  0x000018cf      0x1e0 CMakeFiles/C031_FOC.elf.dir/Drivers/STM32C0xx_HAL_Driver/Src/stm32c0xx_hal_dma.c.obj
 .debug_abbrev  0x00001aaf      0x200 CMakeFiles/C031_FOC.elf.dir/Drivers/STM32C0xx_HAL_Driver/Src/stm32c0xx_hal_gpio.c.obj
 .debug_abbrev  0x00001caf      0x263 CMakeFiles/C031_FOC.elf.dir/Drivers/STM32C0xx_HAL_Driver/Src/stm32c0xx_hal_i2c.c.obj
 .debug_abbrev  0x00001f12      0x1d3 CMakeFiles/C031_FOC.elf.dir/Drivers/STM32C0xx_HAL_Driver/Src/stm32c0xx_hal_i2c_ex.c.obj
 .debug_abbrev  0x000020e5      0x28e CMakeFiles/C031_FOC.elf.dir/Drivers/STM32C0xx_HAL_Driver/Src/stm32c0xx_hal_rcc.c.obj
 .debug_abbrev  0x00002373      0x26a CMakeFiles/C031_FOC.elf.dir/Drivers/STM32C0xx_HAL_Driver/Src/stm32c0xx_hal_rcc_ex.c.obj
 .debug_abbrev  0x000025dd      0x23c CMakeFiles/C031_FOC.elf.dir/Drivers/STM32C0xx_HAL_Driver/Src/stm32c0xx_hal_tim.c.obj
 .debug_abbrev  0x00002819      0x252 CMakeFiles/C031_FOC.elf.dir/Drivers/STM32C0xx_HAL_Driver/Src/stm32c0xx_hal_tim_ex.c.obj
 .debug_abbrev  0x00002a6b      0x32a CMakeFiles/C031_FOC.elf.dir/Drivers/STM32C0xx_HAL_Driver/Src/stm32c0xx_hal_uart.c.obj
 .debug_abbrev  0x00002d95      0x304 CMakeFiles/C031_FOC.elf.dir/Drivers/STM32C0xx_HAL_Driver/Src/stm32c0xx_hal_uart_ex.c.obj
 .debug_abbrev  0x00003099      0x114 CMakeFiles/C031_FOC.elf.dir/User/foc.c.obj

.debug_loc      0x00000000    0x1623c
 .debug_loc     0x00000000       0x8b CMakeFiles/C031_FOC.elf.dir/Core/Src/adc.c.obj
 .debug_loc     0x0000008b       0x9e CMakeFiles/C031_FOC.elf.dir/Core/Src/i2c.c.obj
 .debug_loc     0x00000129       0x25 CMakeFiles/C031_FOC.elf.dir/Core/Src/main.c.obj
 .debug_loc     0x0000014e       0x2e CMakeFiles/C031_FOC.elf.dir/Core/Src/system_stm32c0xx.c.obj
 .debug_loc     0x0000017c       0xd3 CMakeFiles/C031_FOC.elf.dir/Core/Src/tim.c.obj
 .debug_loc     0x0000024f       0x81 CMakeFiles/C031_FOC.elf.dir/Core/Src/usart.c.obj
 .debug_loc     0x000002d0      0x1b6 CMakeFiles/C031_FOC.elf.dir/Drivers/STM32C0xx_HAL_Driver/Src/stm32c0xx_hal.c.obj
 .debug_loc     0x00000486     0x19c6 CMakeFiles/C031_FOC.elf.dir/Drivers/STM32C0xx_HAL_Driver/Src/stm32c0xx_hal_adc.c.obj
 .debug_loc     0x00001e4c      0x458 CMakeFiles/C031_FOC.elf.dir/Drivers/STM32C0xx_HAL_Driver/Src/stm32c0xx_hal_cortex.c.obj
 .debug_loc     0x000022a4      0x931 CMakeFiles/C031_FOC.elf.dir/Drivers/STM32C0xx_HAL_Driver/Src/stm32c0xx_hal_dma.c.obj
 .debug_loc     0x00002bd5      0x438 CMakeFiles/C031_FOC.elf.dir/Drivers/STM32C0xx_HAL_Driver/Src/stm32c0xx_hal_gpio.c.obj
 .debug_loc     0x0000300d     0x4c64 CMakeFiles/C031_FOC.elf.dir/Drivers/STM32C0xx_HAL_Driver/Src/stm32c0xx_hal_i2c.c.obj
 .debug_loc     0x00007c71      0x210 CMakeFiles/C031_FOC.elf.dir/Drivers/STM32C0xx_HAL_Driver/Src/stm32c0xx_hal_i2c_ex.c.obj
 .debug_loc     0x00007e81      0x640 CMakeFiles/C031_FOC.elf.dir/Drivers/STM32C0xx_HAL_Driver/Src/stm32c0xx_hal_rcc.c.obj
 .debug_loc     0x000084c1      0x608 CMakeFiles/C031_FOC.elf.dir/Drivers/STM32C0xx_HAL_Driver/Src/stm32c0xx_hal_rcc_ex.c.obj
 .debug_loc     0x00008ac9     0x572e CMakeFiles/C031_FOC.elf.dir/Drivers/STM32C0xx_HAL_Driver/Src/stm32c0xx_hal_tim.c.obj
 .debug_loc     0x0000e1f7     0x2955 CMakeFiles/C031_FOC.elf.dir/Drivers/STM32C0xx_HAL_Driver/Src/stm32c0xx_hal_tim_ex.c.obj
 .debug_loc     0x00010b4c     0x467b CMakeFiles/C031_FOC.elf.dir/Drivers/STM32C0xx_HAL_Driver/Src/stm32c0xx_hal_uart.c.obj
 .debug_loc     0x000151c7      0xcdf CMakeFiles/C031_FOC.elf.dir/Drivers/STM32C0xx_HAL_Driver/Src/stm32c0xx_hal_uart_ex.c.obj
 .debug_loc     0x00015ea6      0x396 CMakeFiles/C031_FOC.elf.dir/User/foc.c.obj

.debug_aranges  0x00000000     0x11a8
 .debug_aranges
                0x00000000       0x30 CMakeFiles/C031_FOC.elf.dir/Core/Src/adc.c.obj
 .debug_aranges
                0x00000030       0x20 CMakeFiles/C031_FOC.elf.dir/Core/Src/dma.c.obj
 .debug_aranges
                0x00000050       0x20 CMakeFiles/C031_FOC.elf.dir/Core/Src/gpio.c.obj
 .debug_aranges
                0x00000070       0x30 CMakeFiles/C031_FOC.elf.dir/Core/Src/i2c.c.obj
 .debug_aranges
                0x000000a0       0x38 CMakeFiles/C031_FOC.elf.dir/Core/Src/main.c.obj
 .debug_aranges
                0x000000d8       0x20 CMakeFiles/C031_FOC.elf.dir/Core/Src/stm32c0xx_hal_msp.c.obj
 .debug_aranges
                0x000000f8       0x58 CMakeFiles/C031_FOC.elf.dir/Core/Src/stm32c0xx_it.c.obj
 .debug_aranges
                0x00000150       0x28 CMakeFiles/C031_FOC.elf.dir/Core/Src/system_stm32c0xx.c.obj
 .debug_aranges
                0x00000178       0x38 CMakeFiles/C031_FOC.elf.dir/Core/Src/tim.c.obj
 .debug_aranges
                0x000001b0       0x30 CMakeFiles/C031_FOC.elf.dir/Core/Src/usart.c.obj
 .debug_aranges
                0x000001e0       0x28 CMakeFiles/C031_FOC.elf.dir/Core/Startup/startup_stm32c031c6tx.s.obj
 .debug_aranges
                0x00000208      0x100 CMakeFiles/C031_FOC.elf.dir/Drivers/STM32C0xx_HAL_Driver/Src/stm32c0xx_hal.c.obj
 .debug_aranges
                0x00000308       0xf8 CMakeFiles/C031_FOC.elf.dir/Drivers/STM32C0xx_HAL_Driver/Src/stm32c0xx_hal_adc.c.obj
 .debug_aranges
                0x00000400       0x90 CMakeFiles/C031_FOC.elf.dir/Drivers/STM32C0xx_HAL_Driver/Src/stm32c0xx_hal_cortex.c.obj
 .debug_aranges
                0x00000490       0x90 CMakeFiles/C031_FOC.elf.dir/Drivers/STM32C0xx_HAL_Driver/Src/stm32c0xx_hal_dma.c.obj
 .debug_aranges
                0x00000520       0x60 CMakeFiles/C031_FOC.elf.dir/Drivers/STM32C0xx_HAL_Driver/Src/stm32c0xx_hal_gpio.c.obj
 .debug_aranges
                0x00000580      0x290 CMakeFiles/C031_FOC.elf.dir/Drivers/STM32C0xx_HAL_Driver/Src/stm32c0xx_hal_i2c.c.obj
 .debug_aranges
                0x00000810       0x48 CMakeFiles/C031_FOC.elf.dir/Drivers/STM32C0xx_HAL_Driver/Src/stm32c0xx_hal_i2c_ex.c.obj
 .debug_aranges
                0x00000858       0x90 CMakeFiles/C031_FOC.elf.dir/Drivers/STM32C0xx_HAL_Driver/Src/stm32c0xx_hal_rcc.c.obj
 .debug_aranges
                0x000008e8       0x40 CMakeFiles/C031_FOC.elf.dir/Drivers/STM32C0xx_HAL_Driver/Src/stm32c0xx_hal_rcc_ex.c.obj
 .debug_aranges
                0x00000928      0x3e0 CMakeFiles/C031_FOC.elf.dir/Drivers/STM32C0xx_HAL_Driver/Src/stm32c0xx_hal_tim.c.obj
 .debug_aranges
                0x00000d08      0x198 CMakeFiles/C031_FOC.elf.dir/Drivers/STM32C0xx_HAL_Driver/Src/stm32c0xx_hal_tim_ex.c.obj
 .debug_aranges
                0x00000ea0      0x248 CMakeFiles/C031_FOC.elf.dir/Drivers/STM32C0xx_HAL_Driver/Src/stm32c0xx_hal_uart.c.obj
 .debug_aranges
                0x000010e8       0xa0 CMakeFiles/C031_FOC.elf.dir/Drivers/STM32C0xx_HAL_Driver/Src/stm32c0xx_hal_uart_ex.c.obj
 .debug_aranges
                0x00001188       0x20 CMakeFiles/C031_FOC.elf.dir/User/foc.c.obj

.debug_ranges   0x00000000     0x1198
 .debug_ranges  0x00000000       0x20 CMakeFiles/C031_FOC.elf.dir/Core/Src/adc.c.obj
 .debug_ranges  0x00000020       0x10 CMakeFiles/C031_FOC.elf.dir/Core/Src/dma.c.obj
 .debug_ranges  0x00000030       0x10 CMakeFiles/C031_FOC.elf.dir/Core/Src/gpio.c.obj
 .debug_ranges  0x00000040       0x20 CMakeFiles/C031_FOC.elf.dir/Core/Src/i2c.c.obj
 .debug_ranges  0x00000060       0x28 CMakeFiles/C031_FOC.elf.dir/Core/Src/main.c.obj
 .debug_ranges  0x00000088       0x10 CMakeFiles/C031_FOC.elf.dir/Core/Src/stm32c0xx_hal_msp.c.obj
 .debug_ranges  0x00000098       0x48 CMakeFiles/C031_FOC.elf.dir/Core/Src/stm32c0xx_it.c.obj
 .debug_ranges  0x000000e0       0x18 CMakeFiles/C031_FOC.elf.dir/Core/Src/system_stm32c0xx.c.obj
 .debug_ranges  0x000000f8       0x28 CMakeFiles/C031_FOC.elf.dir/Core/Src/tim.c.obj
 .debug_ranges  0x00000120       0x20 CMakeFiles/C031_FOC.elf.dir/Core/Src/usart.c.obj
 .debug_ranges  0x00000140       0x20 CMakeFiles/C031_FOC.elf.dir/Core/Startup/startup_stm32c031c6tx.s.obj
 .debug_ranges  0x00000160       0xf0 CMakeFiles/C031_FOC.elf.dir/Drivers/STM32C0xx_HAL_Driver/Src/stm32c0xx_hal.c.obj
 .debug_ranges  0x00000250      0x1a8 CMakeFiles/C031_FOC.elf.dir/Drivers/STM32C0xx_HAL_Driver/Src/stm32c0xx_hal_adc.c.obj
 .debug_ranges  0x000003f8       0xe0 CMakeFiles/C031_FOC.elf.dir/Drivers/STM32C0xx_HAL_Driver/Src/stm32c0xx_hal_cortex.c.obj
 .debug_ranges  0x000004d8       0x80 CMakeFiles/C031_FOC.elf.dir/Drivers/STM32C0xx_HAL_Driver/Src/stm32c0xx_hal_dma.c.obj
 .debug_ranges  0x00000558       0x50 CMakeFiles/C031_FOC.elf.dir/Drivers/STM32C0xx_HAL_Driver/Src/stm32c0xx_hal_gpio.c.obj
 .debug_ranges  0x000005a8      0x280 CMakeFiles/C031_FOC.elf.dir/Drivers/STM32C0xx_HAL_Driver/Src/stm32c0xx_hal_i2c.c.obj
 .debug_ranges  0x00000828       0x38 CMakeFiles/C031_FOC.elf.dir/Drivers/STM32C0xx_HAL_Driver/Src/stm32c0xx_hal_i2c_ex.c.obj
 .debug_ranges  0x00000860       0xb8 CMakeFiles/C031_FOC.elf.dir/Drivers/STM32C0xx_HAL_Driver/Src/stm32c0xx_hal_rcc.c.obj
 .debug_ranges  0x00000918       0x50 CMakeFiles/C031_FOC.elf.dir/Drivers/STM32C0xx_HAL_Driver/Src/stm32c0xx_hal_rcc_ex.c.obj
 .debug_ranges  0x00000968      0x3d0 CMakeFiles/C031_FOC.elf.dir/Drivers/STM32C0xx_HAL_Driver/Src/stm32c0xx_hal_tim.c.obj
 .debug_ranges  0x00000d38      0x188 CMakeFiles/C031_FOC.elf.dir/Drivers/STM32C0xx_HAL_Driver/Src/stm32c0xx_hal_tim_ex.c.obj
 .debug_ranges  0x00000ec0      0x238 CMakeFiles/C031_FOC.elf.dir/Drivers/STM32C0xx_HAL_Driver/Src/stm32c0xx_hal_uart.c.obj
 .debug_ranges  0x000010f8       0x90 CMakeFiles/C031_FOC.elf.dir/Drivers/STM32C0xx_HAL_Driver/Src/stm32c0xx_hal_uart_ex.c.obj
 .debug_ranges  0x00001188       0x10 CMakeFiles/C031_FOC.elf.dir/User/foc.c.obj

.debug_line     0x00000000    0x17ec3
 .debug_line    0x00000000      0x42e CMakeFiles/C031_FOC.elf.dir/Core/Src/adc.c.obj
 .debug_line    0x0000042e      0x195 CMakeFiles/C031_FOC.elf.dir/Core/Src/dma.c.obj
 .debug_line    0x000005c3      0x211 CMakeFiles/C031_FOC.elf.dir/Core/Src/gpio.c.obj
 .debug_line    0x000007d4      0x374 CMakeFiles/C031_FOC.elf.dir/Core/Src/i2c.c.obj
 .debug_line    0x00000b48      0x436 CMakeFiles/C031_FOC.elf.dir/Core/Src/main.c.obj
 .debug_line    0x00000f7e      0x15c CMakeFiles/C031_FOC.elf.dir/Core/Src/stm32c0xx_hal_msp.c.obj
 .debug_line    0x000010da      0x2a9 CMakeFiles/C031_FOC.elf.dir/Core/Src/stm32c0xx_it.c.obj
 .debug_line    0x00001383      0x21c CMakeFiles/C031_FOC.elf.dir/Core/Src/system_stm32c0xx.c.obj
 .debug_line    0x0000159f      0x4d0 CMakeFiles/C031_FOC.elf.dir/Core/Src/tim.c.obj
 .debug_line    0x00001a6f      0x391 CMakeFiles/C031_FOC.elf.dir/Core/Src/usart.c.obj
 .debug_line    0x00001e00       0x96 CMakeFiles/C031_FOC.elf.dir/Core/Startup/startup_stm32c031c6tx.s.obj
 .debug_line    0x00001e96      0x614 CMakeFiles/C031_FOC.elf.dir/Drivers/STM32C0xx_HAL_Driver/Src/stm32c0xx_hal.c.obj
 .debug_line    0x000024aa     0x1916 CMakeFiles/C031_FOC.elf.dir/Drivers/STM32C0xx_HAL_Driver/Src/stm32c0xx_hal_adc.c.obj
 .debug_line    0x00003dc0      0x680 CMakeFiles/C031_FOC.elf.dir/Drivers/STM32C0xx_HAL_Driver/Src/stm32c0xx_hal_cortex.c.obj
 .debug_line    0x00004440      0xb08 CMakeFiles/C031_FOC.elf.dir/Drivers/STM32C0xx_HAL_Driver/Src/stm32c0xx_hal_dma.c.obj
 .debug_line    0x00004f48      0x6a8 CMakeFiles/C031_FOC.elf.dir/Drivers/STM32C0xx_HAL_Driver/Src/stm32c0xx_hal_gpio.c.obj
 .debug_line    0x000055f0     0x4a85 CMakeFiles/C031_FOC.elf.dir/Drivers/STM32C0xx_HAL_Driver/Src/stm32c0xx_hal_i2c.c.obj
 .debug_line    0x0000a075      0x4d1 CMakeFiles/C031_FOC.elf.dir/Drivers/STM32C0xx_HAL_Driver/Src/stm32c0xx_hal_i2c_ex.c.obj
 .debug_line    0x0000a546      0xadf CMakeFiles/C031_FOC.elf.dir/Drivers/STM32C0xx_HAL_Driver/Src/stm32c0xx_hal_rcc.c.obj
 .debug_line    0x0000b025      0x5f4 CMakeFiles/C031_FOC.elf.dir/Drivers/STM32C0xx_HAL_Driver/Src/stm32c0xx_hal_rcc_ex.c.obj
 .debug_line    0x0000b619     0x4f6d CMakeFiles/C031_FOC.elf.dir/Drivers/STM32C0xx_HAL_Driver/Src/stm32c0xx_hal_tim.c.obj
 .debug_line    0x00010586     0x1f41 CMakeFiles/C031_FOC.elf.dir/Drivers/STM32C0xx_HAL_Driver/Src/stm32c0xx_hal_tim_ex.c.obj
 .debug_line    0x000124c7     0x499b CMakeFiles/C031_FOC.elf.dir/Drivers/STM32C0xx_HAL_Driver/Src/stm32c0xx_hal_uart.c.obj
 .debug_line    0x00016e62      0xd0d CMakeFiles/C031_FOC.elf.dir/Drivers/STM32C0xx_HAL_Driver/Src/stm32c0xx_hal_uart_ex.c.obj
 .debug_line    0x00017b6f      0x354 CMakeFiles/C031_FOC.elf.dir/User/foc.c.obj

.debug_str      0x00000000     0x586b
 .debug_str     0x00000000      0x919 CMakeFiles/C031_FOC.elf.dir/Core/Src/adc.c.obj
                                0x9cc (size before relaxing)
 .debug_str     0x00000919      0x1a3 CMakeFiles/C031_FOC.elf.dir/Core/Src/dma.c.obj
                                0x3e5 (size before relaxing)
 .debug_str     0x00000abc       0x5b CMakeFiles/C031_FOC.elf.dir/Core/Src/gpio.c.obj
                                0x4bc (size before relaxing)
 .debug_str     0x00000b17      0x327 CMakeFiles/C031_FOC.elf.dir/Core/Src/i2c.c.obj
                                0xa0f (size before relaxing)
 .debug_str     0x00000e3e      0x542 CMakeFiles/C031_FOC.elf.dir/Core/Src/main.c.obj
                                0xcbd (size before relaxing)
 .debug_str     0x00001380       0x39 CMakeFiles/C031_FOC.elf.dir/Core/Src/stm32c0xx_hal_msp.c.obj
                                0x27b (size before relaxing)
 .debug_str     0x000013b9      0x108 CMakeFiles/C031_FOC.elf.dir/Core/Src/stm32c0xx_it.c.obj
                                0x896 (size before relaxing)
 .debug_str     0x000014c1       0xa5 CMakeFiles/C031_FOC.elf.dir/Core/Src/system_stm32c0xx.c.obj
                                0x2ea (size before relaxing)
 .debug_str     0x00001566      0x304 CMakeFiles/C031_FOC.elf.dir/Core/Src/tim.c.obj
                                0xdbc (size before relaxing)
 .debug_str     0x0000186a      0x2c1 CMakeFiles/C031_FOC.elf.dir/Core/Src/usart.c.obj
                                0x9cf (size before relaxing)
 .debug_str     0x00001b2b       0x43 CMakeFiles/C031_FOC.elf.dir/Core/Startup/startup_stm32c031c6tx.s.obj
                                 0x65 (size before relaxing)
 .debug_str     0x00001b6e      0x351 CMakeFiles/C031_FOC.elf.dir/Drivers/STM32C0xx_HAL_Driver/Src/stm32c0xx_hal.c.obj
                                0x782 (size before relaxing)
 .debug_str     0x00001ebf      0x7dd CMakeFiles/C031_FOC.elf.dir/Drivers/STM32C0xx_HAL_Driver/Src/stm32c0xx_hal_adc.c.obj
                                0xfaa (size before relaxing)
 .debug_str     0x0000269c      0x2fe CMakeFiles/C031_FOC.elf.dir/Drivers/STM32C0xx_HAL_Driver/Src/stm32c0xx_hal_cortex.c.obj
                                0x6e4 (size before relaxing)
 .debug_str     0x0000299a      0x271 CMakeFiles/C031_FOC.elf.dir/Drivers/STM32C0xx_HAL_Driver/Src/stm32c0xx_hal_dma.c.obj
                                0x78b (size before relaxing)
 .debug_str     0x00002c0b      0x138 CMakeFiles/C031_FOC.elf.dir/Drivers/STM32C0xx_HAL_Driver/Src/stm32c0xx_hal_gpio.c.obj
                                0x402 (size before relaxing)
 .debug_str     0x00002d43      0x88c CMakeFiles/C031_FOC.elf.dir/Drivers/STM32C0xx_HAL_Driver/Src/stm32c0xx_hal_i2c.c.obj
                               0x1084 (size before relaxing)
 .debug_str     0x000035cf       0xc5 CMakeFiles/C031_FOC.elf.dir/Drivers/STM32C0xx_HAL_Driver/Src/stm32c0xx_hal_i2c_ex.c.obj
                                0x94b (size before relaxing)
 .debug_str     0x00003694      0x275 CMakeFiles/C031_FOC.elf.dir/Drivers/STM32C0xx_HAL_Driver/Src/stm32c0xx_hal_rcc.c.obj
                                0x6ee (size before relaxing)
 .debug_str     0x00003909       0xdd CMakeFiles/C031_FOC.elf.dir/Drivers/STM32C0xx_HAL_Driver/Src/stm32c0xx_hal_rcc_ex.c.obj
                                0x525 (size before relaxing)
 .debug_str     0x000039e6      0xdeb CMakeFiles/C031_FOC.elf.dir/Drivers/STM32C0xx_HAL_Driver/Src/stm32c0xx_hal_tim.c.obj
                               0x17c0 (size before relaxing)
 .debug_str     0x000047d1      0x565 CMakeFiles/C031_FOC.elf.dir/Drivers/STM32C0xx_HAL_Driver/Src/stm32c0xx_hal_tim_ex.c.obj
                               0x1141 (size before relaxing)
 .debug_str     0x00004d36      0x85b CMakeFiles/C031_FOC.elf.dir/Drivers/STM32C0xx_HAL_Driver/Src/stm32c0xx_hal_uart.c.obj
                               0x1109 (size before relaxing)
 .debug_str     0x00005591      0x242 CMakeFiles/C031_FOC.elf.dir/Drivers/STM32C0xx_HAL_Driver/Src/stm32c0xx_hal_uart_ex.c.obj
                                0xb1d (size before relaxing)
 .debug_str     0x000057d3       0x98 CMakeFiles/C031_FOC.elf.dir/User/foc.c.obj
                                0x264 (size before relaxing)

.comment        0x00000000       0x49
 .comment       0x00000000       0x49 CMakeFiles/C031_FOC.elf.dir/Core/Src/adc.c.obj
                                 0x4a (size before relaxing)
 .comment       0x00000049       0x4a CMakeFiles/C031_FOC.elf.dir/Core/Src/dma.c.obj
 .comment       0x00000049       0x4a CMakeFiles/C031_FOC.elf.dir/Core/Src/gpio.c.obj
 .comment       0x00000049       0x4a CMakeFiles/C031_FOC.elf.dir/Core/Src/i2c.c.obj
 .comment       0x00000049       0x4a CMakeFiles/C031_FOC.elf.dir/Core/Src/main.c.obj
 .comment       0x00000049       0x4a CMakeFiles/C031_FOC.elf.dir/Core/Src/stm32c0xx_hal_msp.c.obj
 .comment       0x00000049       0x4a CMakeFiles/C031_FOC.elf.dir/Core/Src/stm32c0xx_it.c.obj
 .comment       0x00000049       0x4a CMakeFiles/C031_FOC.elf.dir/Core/Src/system_stm32c0xx.c.obj
 .comment       0x00000049       0x4a CMakeFiles/C031_FOC.elf.dir/Core/Src/tim.c.obj
 .comment       0x00000049       0x4a CMakeFiles/C031_FOC.elf.dir/Core/Src/usart.c.obj
 .comment       0x00000049       0x4a CMakeFiles/C031_FOC.elf.dir/Drivers/STM32C0xx_HAL_Driver/Src/stm32c0xx_hal.c.obj
 .comment       0x00000049       0x4a CMakeFiles/C031_FOC.elf.dir/Drivers/STM32C0xx_HAL_Driver/Src/stm32c0xx_hal_adc.c.obj
 .comment       0x00000049       0x4a CMakeFiles/C031_FOC.elf.dir/Drivers/STM32C0xx_HAL_Driver/Src/stm32c0xx_hal_cortex.c.obj
 .comment       0x00000049       0x4a CMakeFiles/C031_FOC.elf.dir/Drivers/STM32C0xx_HAL_Driver/Src/stm32c0xx_hal_dma.c.obj
 .comment       0x00000049       0x4a CMakeFiles/C031_FOC.elf.dir/Drivers/STM32C0xx_HAL_Driver/Src/stm32c0xx_hal_gpio.c.obj
 .comment       0x00000049       0x4a CMakeFiles/C031_FOC.elf.dir/Drivers/STM32C0xx_HAL_Driver/Src/stm32c0xx_hal_i2c.c.obj
 .comment       0x00000049       0x4a CMakeFiles/C031_FOC.elf.dir/Drivers/STM32C0xx_HAL_Driver/Src/stm32c0xx_hal_i2c_ex.c.obj
 .comment       0x00000049       0x4a CMakeFiles/C031_FOC.elf.dir/Drivers/STM32C0xx_HAL_Driver/Src/stm32c0xx_hal_rcc.c.obj
 .comment       0x00000049       0x4a CMakeFiles/C031_FOC.elf.dir/Drivers/STM32C0xx_HAL_Driver/Src/stm32c0xx_hal_rcc_ex.c.obj
 .comment       0x00000049       0x4a CMakeFiles/C031_FOC.elf.dir/Drivers/STM32C0xx_HAL_Driver/Src/stm32c0xx_hal_tim.c.obj
 .comment       0x00000049       0x4a CMakeFiles/C031_FOC.elf.dir/Drivers/STM32C0xx_HAL_Driver/Src/stm32c0xx_hal_tim_ex.c.obj
 .comment       0x00000049       0x4a CMakeFiles/C031_FOC.elf.dir/Drivers/STM32C0xx_HAL_Driver/Src/stm32c0xx_hal_uart.c.obj
 .comment       0x00000049       0x4a CMakeFiles/C031_FOC.elf.dir/Drivers/STM32C0xx_HAL_Driver/Src/stm32c0xx_hal_uart_ex.c.obj
 .comment       0x00000049       0x4a CMakeFiles/C031_FOC.elf.dir/User/foc.c.obj

.debug_frame    0x00000000     0x34a4
 .debug_frame   0x00000000       0x5c CMakeFiles/C031_FOC.elf.dir/Core/Src/adc.c.obj
 .debug_frame   0x0000005c       0x28 CMakeFiles/C031_FOC.elf.dir/Core/Src/dma.c.obj
 .debug_frame   0x00000084       0x30 CMakeFiles/C031_FOC.elf.dir/Core/Src/gpio.c.obj
 .debug_frame   0x000000b4       0x5c CMakeFiles/C031_FOC.elf.dir/Core/Src/i2c.c.obj
 .debug_frame   0x00000110       0x6c CMakeFiles/C031_FOC.elf.dir/Core/Src/main.c.obj
 .debug_frame   0x0000017c       0x24 CMakeFiles/C031_FOC.elf.dir/Core/Src/stm32c0xx_hal_msp.c.obj
 .debug_frame   0x000001a0       0xb0 CMakeFiles/C031_FOC.elf.dir/Core/Src/stm32c0xx_it.c.obj
 .debug_frame   0x00000250       0x30 CMakeFiles/C031_FOC.elf.dir/Core/Src/system_stm32c0xx.c.obj
 .debug_frame   0x00000280       0x74 CMakeFiles/C031_FOC.elf.dir/Core/Src/tim.c.obj
 .debug_frame   0x000002f4       0x5c CMakeFiles/C031_FOC.elf.dir/Core/Src/usart.c.obj
 .debug_frame   0x00000350      0x20c CMakeFiles/C031_FOC.elf.dir/Drivers/STM32C0xx_HAL_Driver/Src/stm32c0xx_hal.c.obj
 .debug_frame   0x0000055c      0x2ac CMakeFiles/C031_FOC.elf.dir/Drivers/STM32C0xx_HAL_Driver/Src/stm32c0xx_hal_adc.c.obj
 .debug_frame   0x00000808      0x114 CMakeFiles/C031_FOC.elf.dir/Drivers/STM32C0xx_HAL_Driver/Src/stm32c0xx_hal_cortex.c.obj
 .debug_frame   0x0000091c      0x188 CMakeFiles/C031_FOC.elf.dir/Drivers/STM32C0xx_HAL_Driver/Src/stm32c0xx_hal_dma.c.obj
 .debug_frame   0x00000aa4       0xd8 CMakeFiles/C031_FOC.elf.dir/Drivers/STM32C0xx_HAL_Driver/Src/stm32c0xx_hal_gpio.c.obj
 .debug_frame   0x00000b7c      0x860 CMakeFiles/C031_FOC.elf.dir/Drivers/STM32C0xx_HAL_Driver/Src/stm32c0xx_hal_i2c.c.obj
 .debug_frame   0x000013dc       0xb0 CMakeFiles/C031_FOC.elf.dir/Drivers/STM32C0xx_HAL_Driver/Src/stm32c0xx_hal_i2c_ex.c.obj
 .debug_frame   0x0000148c      0x158 CMakeFiles/C031_FOC.elf.dir/Drivers/STM32C0xx_HAL_Driver/Src/stm32c0xx_hal_rcc.c.obj
 .debug_frame   0x000015e4       0x84 CMakeFiles/C031_FOC.elf.dir/Drivers/STM32C0xx_HAL_Driver/Src/stm32c0xx_hal_rcc_ex.c.obj
 .debug_frame   0x00001668      0xb18 CMakeFiles/C031_FOC.elf.dir/Drivers/STM32C0xx_HAL_Driver/Src/stm32c0xx_hal_tim.c.obj
 .debug_frame   0x00002180      0x4c0 CMakeFiles/C031_FOC.elf.dir/Drivers/STM32C0xx_HAL_Driver/Src/stm32c0xx_hal_tim_ex.c.obj
 .debug_frame   0x00002640      0x6e4 CMakeFiles/C031_FOC.elf.dir/Drivers/STM32C0xx_HAL_Driver/Src/stm32c0xx_hal_uart.c.obj
 .debug_frame   0x00002d24      0x1d0 CMakeFiles/C031_FOC.elf.dir/Drivers/STM32C0xx_HAL_Driver/Src/stm32c0xx_hal_uart_ex.c.obj
 .debug_frame   0x00002ef4       0x38 CMakeFiles/C031_FOC.elf.dir/User/foc.c.obj
 .debug_frame   0x00002f2c       0x20 d:/stm32cube/gnu-tools-arm-embedded/bin/../lib/gcc/arm-none-eabi/10.3.1/thumb/v6-m/nofp\libgcc.a(_udivsi3.o)
 .debug_frame   0x00002f4c       0x20 d:/stm32cube/gnu-tools-arm-embedded/bin/../lib/gcc/arm-none-eabi/10.3.1/thumb/v6-m/nofp\libgcc.a(_divsi3.o)
 .debug_frame   0x00002f6c       0x28 d:/stm32cube/gnu-tools-arm-embedded/bin/../lib/gcc/arm-none-eabi/10.3.1/thumb/v6-m/nofp\libgcc.a(_fixunssfsi.o)
 .debug_frame   0x00002f94       0x34 d:/stm32cube/gnu-tools-arm-embedded/bin/../lib/gcc/arm-none-eabi/10.3.1/thumb/v6-m/nofp\libgcc.a(addsf3.o)
 .debug_frame   0x00002fc8       0x38 d:/stm32cube/gnu-tools-arm-embedded/bin/../lib/gcc/arm-none-eabi/10.3.1/thumb/v6-m/nofp\libgcc.a(divsf3.o)
 .debug_frame   0x00003000       0x2c d:/stm32cube/gnu-tools-arm-embedded/bin/../lib/gcc/arm-none-eabi/10.3.1/thumb/v6-m/nofp\libgcc.a(eqsf2.o)
 .debug_frame   0x0000302c       0x2c d:/stm32cube/gnu-tools-arm-embedded/bin/../lib/gcc/arm-none-eabi/10.3.1/thumb/v6-m/nofp\libgcc.a(gesf2.o)
 .debug_frame   0x00003058       0x2c d:/stm32cube/gnu-tools-arm-embedded/bin/../lib/gcc/arm-none-eabi/10.3.1/thumb/v6-m/nofp\libgcc.a(lesf2.o)
 .debug_frame   0x00003084       0x38 d:/stm32cube/gnu-tools-arm-embedded/bin/../lib/gcc/arm-none-eabi/10.3.1/thumb/v6-m/nofp\libgcc.a(mulsf3.o)
 .debug_frame   0x000030bc       0x38 d:/stm32cube/gnu-tools-arm-embedded/bin/../lib/gcc/arm-none-eabi/10.3.1/thumb/v6-m/nofp\libgcc.a(subsf3.o)
 .debug_frame   0x000030f4       0x20 d:/stm32cube/gnu-tools-arm-embedded/bin/../lib/gcc/arm-none-eabi/10.3.1/thumb/v6-m/nofp\libgcc.a(fixsfsi.o)
 .debug_frame   0x00003114       0x30 d:/stm32cube/gnu-tools-arm-embedded/bin/../lib/gcc/arm-none-eabi/10.3.1/thumb/v6-m/nofp\libgcc.a(floatsisf.o)
 .debug_frame   0x00003144       0x38 d:/stm32cube/gnu-tools-arm-embedded/bin/../lib/gcc/arm-none-eabi/10.3.1/thumb/v6-m/nofp\libgcc.a(adddf3.o)
 .debug_frame   0x0000317c       0x38 d:/stm32cube/gnu-tools-arm-embedded/bin/../lib/gcc/arm-none-eabi/10.3.1/thumb/v6-m/nofp\libgcc.a(eqdf2.o)
 .debug_frame   0x000031b4       0x34 d:/stm32cube/gnu-tools-arm-embedded/bin/../lib/gcc/arm-none-eabi/10.3.1/thumb/v6-m/nofp\libgcc.a(gedf2.o)
 .debug_frame   0x000031e8       0x34 d:/stm32cube/gnu-tools-arm-embedded/bin/../lib/gcc/arm-none-eabi/10.3.1/thumb/v6-m/nofp\libgcc.a(ledf2.o)
 .debug_frame   0x0000321c       0x3c d:/stm32cube/gnu-tools-arm-embedded/bin/../lib/gcc/arm-none-eabi/10.3.1/thumb/v6-m/nofp\libgcc.a(subdf3.o)
 .debug_frame   0x00003258       0x2c d:/stm32cube/gnu-tools-arm-embedded/bin/../lib/gcc/arm-none-eabi/10.3.1/thumb/v6-m/nofp\libgcc.a(extendsfdf2.o)
 .debug_frame   0x00003284       0x30 d:/stm32cube/gnu-tools-arm-embedded/bin/../lib/gcc/arm-none-eabi/10.3.1/thumb/v6-m/nofp\libgcc.a(truncdfsf2.o)
 .debug_frame   0x000032b4       0x2c d:/stm32cube/gnu-tools-arm-embedded/bin/../lib/gcc/arm-none-eabi/10.3.1/../../../../arm-none-eabi/lib/thumb/v6-m/nofp\libg.a(lib_a-init.o)
 .debug_frame   0x000032e0       0x30 d:/stm32cube/gnu-tools-arm-embedded/bin/../lib/gcc/arm-none-eabi/10.3.1/../../../../arm-none-eabi/lib/thumb/v6-m/nofp\libg.a(lib_a-memset.o)
 .debug_frame   0x00003310       0x54 d:/stm32cube/gnu-tools-arm-embedded/bin/../lib/gcc/arm-none-eabi/10.3.1/../../../../arm-none-eabi/lib/thumb/v6-m/nofp\libg.a(lib_a-__call_atexit.o)
 .debug_frame   0x00003364       0x28 d:/stm32cube/gnu-tools-arm-embedded/bin/../lib/gcc/arm-none-eabi/10.3.1/../../../../arm-none-eabi/lib/thumb/v6-m/nofp\libg.a(lib_a-atexit.o)
 .debug_frame   0x0000338c       0x2c d:/stm32cube/gnu-tools-arm-embedded/bin/../lib/gcc/arm-none-eabi/10.3.1/../../../../arm-none-eabi/lib/thumb/v6-m/nofp\libg.a(lib_a-fini.o)
 .debug_frame   0x000033b8       0xb0 d:/stm32cube/gnu-tools-arm-embedded/bin/../lib/gcc/arm-none-eabi/10.3.1/../../../../arm-none-eabi/lib/thumb/v6-m/nofp\libg.a(lib_a-lock.o)
 .debug_frame   0x00003468       0x3c d:/stm32cube/gnu-tools-arm-embedded/bin/../lib/gcc/arm-none-eabi/10.3.1/../../../../arm-none-eabi/lib/thumb/v6-m/nofp\libg.a(lib_a-__atexit.o)
